$ date -R
Fri, 26 Feb 2021 09:04:49 +1100
$ git checkout master
Already on 'master'
$ git reset --hard stable
HEAD is now at 062c84fccc44 Merge tag 'rproc-v5.12' of git://git.kernel.org/pub/scm/linux/kernel/git/andersson/remoteproc
Merging origin/master (2c87f7a38f93 Merge tag 'pwm/for-5.12-rc1' of git://git.kernel.org/pub/scm/linux/kernel/git/thierry.reding/linux-pwm)
$ git merge origin/master
Updating 062c84fccc44..2c87f7a38f93
Fast-forward
 Documentation/ABI/testing/sysfs-firmware-acpi      |   43 +
 Documentation/ABI/testing/sysfs-platform_profile   |   18 +-
 .../PCI/endpoint/function/binding/pci-ntb.rst      |   38 +
 Documentation/PCI/endpoint/index.rst               |    3 +
 Documentation/PCI/endpoint/pci-endpoint-cfs.rst    |   10 +
 Documentation/PCI/endpoint/pci-ntb-function.rst    |  348 ++++
 Documentation/PCI/endpoint/pci-ntb-howto.rst       |  161 ++
 Documentation/admin-guide/cgroup-v2.rst            |    4 +
 Documentation/admin-guide/kernel-parameters.txt    |    8 -
 Documentation/admin-guide/sysctl/vm.rst            |   10 +-
 Documentation/core-api/mm-api.rst                  |    7 +-
 Documentation/dev-tools/kasan.rst                  |   24 +-
 Documentation/devicetree/bindings/Makefile         |    8 +-
 .../devicetree/bindings/arm/rockchip.yaml          |    1 +
 .../bindings/display/connector/dp-connector.yaml   |    1 -
 .../devicetree/bindings/pci/brcm,stb-pcie.yaml     |   37 +-
 .../devicetree/bindings/pci/layerscape-pci.txt     |    1 +
 .../bindings/pci/microchip,pcie-host.yaml          |   92 +
 .../devicetree/bindings/pci/qcom,pcie.txt          |   17 +-
 Documentation/devicetree/bindings/pwm/pwm-zx.txt   |   22 -
 Documentation/kbuild/makefiles.rst                 |    8 +-
 Documentation/vm/arch_pgtable_helpers.rst          |    8 +-
 MAINTAINERS                                        |   11 +-
 Makefile                                           |  105 +-
 arch/Kconfig                                       |    6 +
 arch/alpha/kernel/syscalls/Makefile                |   13 +-
 arch/arm/tools/Makefile                            |    2 +-
 arch/arm64/Kconfig                                 |    2 +-
 arch/arm64/include/asm/memory.h                    |    1 +
 arch/arm64/include/asm/mte-kasan.h                 |   12 +
 arch/arm64/kernel/mte.c                            |   12 +
 arch/arm64/mm/fault.c                              |   20 +-
 arch/hexagon/configs/comet_defconfig               |    1 -
 arch/ia64/Makefile                                 |    6 -
 arch/ia64/include/asm/irq.h                        |    4 +-
 arch/ia64/include/asm/mca.h                        |   11 +-
 arch/ia64/include/asm/pal.h                        |    4 +-
 arch/ia64/include/asm/pgtable.h                    |    6 -
 arch/ia64/include/asm/sal.h                        |    2 +-
 arch/ia64/kernel/Makefile                          |    5 -
 arch/ia64/kernel/asm-offsets.c                     |   18 +-
 arch/ia64/kernel/crash.c                           |    1 +
 arch/ia64/kernel/efi.c                             |    1 +
 arch/ia64/kernel/mca.c                             |    5 +-
 arch/ia64/kernel/mca_drv.c                         |    2 +-
 arch/ia64/kernel/nr-irqs.c                         |   22 -
 arch/ia64/kernel/syscalls/Makefile                 |   13 +-
 arch/ia64/mm/init.c                                |   14 +-
 arch/m68k/kernel/syscalls/Makefile                 |   13 +-
 arch/microblaze/kernel/syscalls/Makefile           |   13 +-
 arch/mips/bmips/setup.c                            |    2 +-
 arch/mips/kernel/r4k-bugs64.c                      |    2 +-
 arch/mips/kernel/syscalls/Makefile                 |   33 +-
 arch/mips/lib/iomap-pci.c                          |    2 +-
 arch/mips/loongson64/Platform                      |    2 +-
 arch/mips/mm/pgtable-32.c                          |    1 -
 arch/mips/mm/pgtable-64.c                          |    1 -
 arch/mips/sgi-ip32/ip32-irq.c                      |    2 +-
 arch/mips/vdso/Kconfig                             |    2 +-
 arch/nds32/configs/defconfig                       |    1 -
 arch/nds32/kernel/setup.c                          |    2 +-
 arch/nds32/kernel/time.c                           |    2 +-
 arch/nds32/kernel/traps.c                          |   50 +-
 arch/parisc/Kconfig                                |    1 +
 arch/parisc/include/asm/hardirq.h                  |    4 -
 arch/parisc/kernel/irq.c                           |    1 +
 arch/parisc/kernel/syscalls/Makefile               |   19 +-
 arch/powerpc/Kconfig                               |    1 +
 arch/powerpc/Makefile                              |    2 +-
 arch/powerpc/include/asm/irq.h                     |    2 -
 arch/powerpc/kernel/irq.c                          |    1 +
 arch/powerpc/kernel/syscalls/Makefile              |   21 +-
 arch/powerpc/lib/Makefile                          |    2 +-
 arch/s390/Kconfig                                  |    1 +
 arch/s390/include/asm/facility.h                   |    2 +-
 arch/s390/include/asm/hardirq.h                    |    1 -
 arch/s390/kernel/irq.c                             |    1 +
 arch/sh/Kconfig                                    |    1 +
 arch/sh/include/asm/irq.h                          |    1 -
 arch/sh/kernel/irq.c                               |    1 +
 arch/sh/kernel/syscalls/Makefile                   |   13 +-
 arch/sparc/Kconfig                                 |    1 +
 arch/sparc/include/asm/irq_64.h                    |    1 -
 arch/sparc/kernel/irq_64.c                         |    1 +
 arch/sparc/kernel/syscalls/Makefile                |   19 +-
 arch/um/include/asm/Kbuild                         |    1 +
 arch/x86/Kconfig                                   |    2 +
 arch/x86/entry/common.c                            |   19 +-
 arch/x86/entry/entry_64.S                          |   41 -
 arch/x86/entry/syscalls/Makefile                   |   29 +-
 arch/x86/include/asm/idtentry.h                    |   11 +-
 arch/x86/include/asm/irq.h                         |    2 -
 arch/x86/include/asm/irq_stack.h                   |  279 ++-
 arch/x86/include/asm/processor.h                   |    9 +-
 arch/x86/include/asm/softirq_stack.h               |   11 +
 arch/x86/kernel/apic/apic.c                        |   31 +-
 arch/x86/kernel/cpu/common.c                       |    4 +-
 arch/x86/kernel/dumpstack_64.c                     |   22 +-
 arch/x86/kernel/irq.c                              |    2 +-
 arch/x86/kernel/irq_32.c                           |    1 +
 arch/x86/kernel/irq_64.c                           |   12 +-
 arch/x86/kernel/process_64.c                       |    2 +-
 arch/xtensa/kernel/syscalls/Makefile               |   13 +-
 drivers/acpi/Kconfig                               |   24 +-
 drivers/acpi/Makefile                              |    1 +
 drivers/acpi/acpi_fpdt.c                           |  264 +++
 drivers/acpi/pci_root.c                            |   40 +-
 drivers/acpi/platform_profile.c                    |    1 +
 drivers/base/node.c                                |   33 +-
 drivers/block/Kconfig                              |    6 +
 drivers/block/Makefile                             |    1 +
 drivers/block/n64cart.c                            |  178 ++
 drivers/block/virtio_blk.c                         |   11 +-
 drivers/dma-buf/dma-fence.c                        |   70 +-
 drivers/dma-buf/dma-heap.c                         |   14 +-
 drivers/dma-buf/heaps/cma_heap.c                   |   22 +-
 drivers/dma-buf/heaps/system_heap.c                |   25 +-
 drivers/gpu/drm/amd/amdgpu/amdgpu.h                |    6 +
 drivers/gpu/drm/amd/amdgpu/amdgpu_device.c         |    6 +-
 drivers/gpu/drm/amd/amdgpu/amdgpu_drv.c            |    9 +-
 drivers/gpu/drm/amd/display/amdgpu_dm/amdgpu_dm.c  |  101 +-
 drivers/gpu/drm/amd/display/amdgpu_dm/amdgpu_dm.h  |   27 +
 drivers/gpu/drm/amd/display/dc/core/dc.c           |   27 +-
 drivers/gpu/drm/amd/display/dc/dc_stream.h         |    3 +-
 .../drm/amd/display/dc/dcn10/dcn10_link_encoder.c  |    1 -
 drivers/gpu/drm/amd/display/dc/dcn30/dcn30_hwseq.c |    2 +
 .../amd/display/dc/irq/dcn21/irq_service_dcn21.c   |   22 +
 drivers/gpu/drm/amd/pm/swsmu/smu_cmn.c             |    2 +-
 drivers/gpu/drm/drm_file.c                         |   68 +-
 drivers/gpu/drm/drm_vblank.c                       |    9 +-
 drivers/gpu/drm/i915/Makefile                      |    3 +-
 drivers/gpu/drm/i915/display/intel_crtc.c          |    1 -
 drivers/gpu/drm/i915/display/intel_display.c       |    3 +-
 drivers/gpu/drm/i915/display/intel_display_types.h |    1 -
 drivers/gpu/drm/i915/gvt/cmd_parser.c              |   93 +-
 drivers/gpu/drm/i915/gvt/execlist.c                |    8 +-
 drivers/gpu/drm/i915/gvt/scheduler.c               |   52 +-
 drivers/gpu/drm/msm/adreno/a5xx.xml.h              |    2 +
 drivers/gpu/drm/msm/adreno/a5xx_gpu.c              |  195 +-
 drivers/gpu/drm/msm/adreno/a5xx_power.c            |    4 +-
 drivers/gpu/drm/msm/adreno/a6xx_gmu.c              |  105 +-
 drivers/gpu/drm/msm/adreno/a6xx_gmu.h              |   49 +-
 drivers/gpu/drm/msm/adreno/a6xx_gpu.c              |  139 +-
 drivers/gpu/drm/msm/adreno/a6xx_gpu.h              |    2 +
 drivers/gpu/drm/msm/adreno/adreno_device.c         |   54 +-
 drivers/gpu/drm/msm/adreno/adreno_gpu.c            |   23 +-
 drivers/gpu/drm/msm/adreno/adreno_gpu.h            |   22 +-
 .../gpu/drm/msm/disp/dpu1/dpu_encoder_phys_cmd.c   |   90 +-
 drivers/gpu/drm/msm/disp/dpu1/dpu_hw_catalog.c     |   87 +-
 drivers/gpu/drm/msm/disp/dpu1/dpu_hw_catalog.h     |    2 +
 drivers/gpu/drm/msm/disp/dpu1/dpu_hw_pingpong.c    |   26 +
 drivers/gpu/drm/msm/disp/dpu1/dpu_hw_pingpong.h    |   14 +
 drivers/gpu/drm/msm/disp/dpu1/dpu_hw_sspp.c        |    1 +
 drivers/gpu/drm/msm/disp/dpu1/dpu_hw_sspp.h        |    1 +
 drivers/gpu/drm/msm/disp/dpu1/dpu_hw_util.c        |   73 +-
 drivers/gpu/drm/msm/disp/dpu1/dpu_hw_util.h        |    3 +
 drivers/gpu/drm/msm/disp/dpu1/dpu_hw_vbif.c        |    9 +-
 drivers/gpu/drm/msm/disp/dpu1/dpu_kms.c            |    2 +-
 drivers/gpu/drm/msm/disp/dpu1/dpu_plane.c          |    1 +
 drivers/gpu/drm/msm/disp/mdp5/mdp5_cfg.c           |    2 +-
 drivers/gpu/drm/msm/disp/mdp5/mdp5_crtc.c          |    2 +-
 drivers/gpu/drm/msm/dp/dp_aux.c                    |    7 -
 drivers/gpu/drm/msm/dp/dp_catalog.c                |   24 +
 drivers/gpu/drm/msm/dp/dp_ctrl.c                   |   15 +-
 drivers/gpu/drm/msm/dp/dp_ctrl.h                   |    2 +-
 drivers/gpu/drm/msm/dp/dp_display.c                |   24 +-
 drivers/gpu/drm/msm/dp/dp_panel.c                  |    3 +-
 drivers/gpu/drm/msm/dsi/phy/dsi_phy_20nm.c         |    2 +-
 drivers/gpu/drm/msm/dsi/pll/dsi_pll_10nm.c         |   21 +-
 drivers/gpu/drm/msm/msm_drv.c                      |    3 +-
 drivers/gpu/drm/msm/msm_gem.c                      |    3 +-
 drivers/gpu/drm/msm/msm_gem_submit.c               |    2 +
 drivers/gpu/drm/msm/msm_kms.h                      |    8 +-
 drivers/gpu/drm/panel/panel-elida-kd35t133.c       |    3 +-
 drivers/gpu/drm/qxl/qxl_drv.c                      |    2 +-
 drivers/gpu/drm/rockchip/rockchip_drm_vop.h        |   11 +
 drivers/gpu/drm/ttm/ttm_bo.c                       |    9 +-
 drivers/misc/pci_endpoint_test.c                   |    1 -
 drivers/net/Kconfig                                |    2 +-
 drivers/net/can/dev/dev.c                          |    4 +-
 drivers/net/can/slcan.c                            |    4 +-
 drivers/net/can/vcan.c                             |    2 +-
 drivers/net/can/vxcan.c                            |    6 +-
 drivers/net/dsa/b53/b53_common.c                   |   39 +-
 drivers/net/dsa/b53/b53_priv.h                     |    8 +
 drivers/net/dsa/b53/b53_regs.h                     |    1 +
 drivers/net/dsa/bcm_sf2.c                          |   18 +-
 drivers/net/dsa/sja1105/sja1105_static_config.c    |    2 +-
 drivers/net/ethernet/atheros/ag71xx.c              |    4 +-
 drivers/net/ethernet/broadcom/bcm4908_enet.c       |    3 +
 drivers/net/ethernet/broadcom/bcm63xx_enet.c       |    8 +-
 drivers/net/ethernet/freescale/dpaa/dpaa_eth.c     |    2 +-
 drivers/net/ethernet/ibm/ibmvnic.c                 |   63 +-
 drivers/net/ethernet/intel/i40e/i40e_ethtool.c     |   16 +-
 drivers/net/ethernet/intel/i40e/i40e_main.c        |   64 +-
 drivers/net/ethernet/intel/i40e/i40e_txrx.c        |   11 +-
 drivers/net/ethernet/intel/i40e/i40e_xsk.c         |    2 +-
 drivers/net/ethernet/intel/ice/ice.h               |    2 -
 drivers/net/ethernet/intel/ice/ice_dcb_nl.c        |    6 +-
 drivers/net/ethernet/intel/ice/ice_ethtool.c       |   34 +-
 drivers/net/ethernet/intel/ice/ice_virtchnl_pf.c   |   35 +-
 drivers/net/ethernet/marvell/mvpp2/mvpp2_main.c    |   25 +-
 .../ethernet/marvell/octeontx2/af/rvu_debugfs.c    |    2 +-
 drivers/net/ethernet/marvell/sky2.c                |    5 +-
 .../net/ethernet/mellanox/mlx4/resource_tracker.c  |    1 +
 drivers/net/ethernet/mellanox/mlx5/core/main.c     |    4 +-
 drivers/net/ethernet/realtek/r8169_main.c          |    4 +-
 .../net/ethernet/stmicro/stmmac/dwmac-visconti.c   |    1 +
 drivers/net/ethernet/stmicro/stmmac/stmmac_tc.c    |   30 +-
 drivers/net/gtp.c                                  |    1 -
 drivers/net/phy/icplus.c                           |    9 +-
 drivers/net/phy/micrel.c                           |    1 +
 drivers/net/usb/qmi_wwan.c                         |    1 +
 drivers/net/usb/r8152.c                            |   67 +-
 drivers/net/virtio_net.c                           |    1 +
 drivers/net/vxlan.c                                |   11 +-
 drivers/net/wireguard/device.c                     |   21 +-
 drivers/net/wireguard/device.h                     |   15 +-
 drivers/net/wireguard/peer.c                       |   28 +-
 drivers/net/wireguard/peer.h                       |    8 +-
 drivers/net/wireguard/queueing.c                   |   86 +-
 drivers/net/wireguard/queueing.h                   |   45 +-
 drivers/net/wireguard/receive.c                    |   16 +-
 drivers/net/wireguard/send.c                       |   31 +-
 drivers/net/wireguard/socket.c                     |    8 +-
 drivers/net/wireless/intel/iwlwifi/fw/file.h       |    2 +-
 drivers/ntb/hw/Kconfig                             |    1 +
 drivers/ntb/hw/Makefile                            |    1 +
 drivers/ntb/hw/epf/Kconfig                         |    6 +
 drivers/ntb/hw/epf/Makefile                        |    1 +
 drivers/ntb/hw/epf/ntb_hw_epf.c                    |  753 +++++++
 drivers/pci/Makefile                               |    2 +-
 drivers/pci/controller/Kconfig                     |   35 +-
 drivers/pci/controller/Makefile                    |    2 +-
 drivers/pci/controller/cadence/pci-j721e.c         |    3 +
 drivers/pci/controller/cadence/pcie-cadence-ep.c   |   60 +-
 drivers/pci/controller/cadence/pcie-cadence-host.c |   86 +-
 drivers/pci/controller/cadence/pcie-cadence.h      |   11 +-
 drivers/pci/controller/dwc/pci-layerscape-ep.c     |    7 +
 drivers/pci/controller/dwc/pci-layerscape.c        |    5 +-
 drivers/pci/controller/dwc/pcie-al.c               |    4 -
 drivers/pci/controller/dwc/pcie-designware-ep.c    |    8 +-
 drivers/pci/controller/dwc/pcie-designware-host.c  |   53 +-
 drivers/pci/controller/dwc/pcie-designware.c       |   70 +-
 drivers/pci/controller/dwc/pcie-designware.h       |    4 +-
 drivers/pci/controller/dwc/pcie-qcom.c             |   22 +-
 drivers/pci/controller/pci-host-common.c           |    4 +-
 drivers/pci/controller/pci-hyperv.c                |    2 +-
 drivers/pci/controller/pci-xgene-msi.c             |   10 +-
 drivers/pci/controller/pci-xgene.c                 |   13 +-
 drivers/pci/controller/pcie-altera-msi.c           |    3 +-
 drivers/pci/controller/pcie-brcmstb.c              |   35 +-
 drivers/pci/controller/pcie-mediatek.c             |    7 +-
 drivers/pci/controller/pcie-microchip-host.c       | 1138 +++++++++++
 drivers/pci/controller/pcie-rcar-host.c            |    2 +-
 drivers/pci/controller/pcie-rockchip.c             |   12 +-
 drivers/pci/controller/pcie-tango.c                |  341 ----
 drivers/pci/controller/pcie-xilinx-cpm.c           |    1 +
 drivers/pci/endpoint/functions/Kconfig             |   13 +
 drivers/pci/endpoint/functions/Makefile            |    1 +
 drivers/pci/endpoint/functions/pci-epf-ntb.c       | 2128 ++++++++++++++++++++
 drivers/pci/endpoint/functions/pci-epf-test.c      |   13 +-
 drivers/pci/endpoint/pci-ep-cfs.c                  |  176 +-
 drivers/pci/endpoint/pci-epc-core.c                |  130 +-
 drivers/pci/endpoint/pci-epf-core.c                |  105 +-
 drivers/pci/hotplug/acpiphp.h                      |    3 -
 drivers/pci/pci-bridge-emul.c                      |   11 +-
 drivers/pci/pci.c                                  |    4 +
 drivers/pci/pcie/Kconfig                           |    8 -
 drivers/pci/pcie/Makefile                          |    1 -
 drivers/pci/pcie/aer.c                             |    5 +-
 drivers/pci/pcie/bw_notification.c                 |  138 --
 drivers/pci/pcie/err.c                             |   16 +-
 drivers/pci/pcie/portdrv.h                         |    6 -
 drivers/pci/pcie/portdrv_pci.c                     |    4 +-
 drivers/pci/search.c                               |    4 -
 drivers/pci/setup-res.c                            |    6 +
 drivers/pci/syscall.c                              |   10 +-
 drivers/platform/x86/Kconfig                       |    4 +-
 drivers/pwm/Kconfig                                |   10 -
 drivers/pwm/Makefile                               |    1 -
 drivers/pwm/pwm-iqs620a.c                          |   94 +-
 drivers/pwm/pwm-lpc18xx-sct.c                      |    2 +-
 drivers/pwm/pwm-rockchip.c                         |   32 +-
 drivers/pwm/pwm-zx.c                               |  278 ---
 drivers/usb/core/hcd.c                             |    4 +-
 drivers/usb/gadget/udc/aspeed-vhub/hub.c           |    4 +-
 drivers/vdpa/Kconfig                               |    1 +
 drivers/vdpa/ifcvf/ifcvf_main.c                    |    2 +-
 drivers/vdpa/mlx5/net/mlx5_vnet.c                  |    4 +-
 drivers/vdpa/vdpa.c                                |  503 ++++-
 drivers/vdpa/vdpa_sim/vdpa_sim.c                   |    3 +-
 drivers/vdpa/vdpa_sim/vdpa_sim.h                   |    2 +
 drivers/vdpa/vdpa_sim/vdpa_sim_net.c               |   98 +-
 drivers/vhost/scsi.c                               |    9 +-
 drivers/video/fbdev/acornfb.c                      |   34 -
 drivers/video/fbdev/aty/atyfb_base.c               |    9 +
 drivers/virtio/Kconfig                             |    9 +
 drivers/virtio/Makefile                            |    1 +
 drivers/virtio/virtio_input.c                      |   26 +-
 drivers/virtio/virtio_mem.c                        |    2 +-
 drivers/virtio/virtio_mmio.c                       |    2 +-
 drivers/virtio/virtio_pci_common.h                 |   22 +-
 drivers/virtio/virtio_pci_modern.c                 |  506 +----
 drivers/virtio/virtio_pci_modern_dev.c             |  599 ++++++
 drivers/virtio/virtio_vdpa.c                       |    3 +-
 fs/block_dev.c                                     |    2 +-
 fs/btrfs/file.c                                    |    2 +-
 fs/buffer.c                                        |    7 +-
 fs/dcache.c                                        |    4 +-
 fs/direct-io.c                                     |    4 +-
 fs/exec.c                                          |    4 +-
 fs/ext4/.kunitconfig                               |    3 +
 fs/ext4/Kconfig                                    |    3 +-
 fs/ext4/extents.c                                  |   16 +-
 fs/ext4/fast_commit.c                              |   29 +-
 fs/ext4/namei.c                                    |   45 +-
 fs/ext4/super.c                                    |   12 +-
 fs/fhandle.c                                       |    2 +-
 fs/fuse/dev.c                                      |    6 +-
 fs/hugetlbfs/inode.c                               |   72 +-
 fs/ntfs/inode.c                                    |    6 +
 fs/ntfs/layout.h                                   |    4 +-
 fs/ocfs2/cluster/heartbeat.c                       |    8 +-
 fs/ocfs2/dlm/dlmast.c                              |   10 -
 fs/ocfs2/dlm/dlmcommon.h                           |    4 -
 fs/ocfs2/refcounttree.c                            |    2 +-
 fs/ocfs2/super.c                                   |    2 -
 fs/pipe.c                                          |    2 +-
 fs/proc/meminfo.c                                  |   10 +-
 fs/proc/vmcore.c                                   |    7 +-
 fs/ramfs/inode.c                                   |   13 +
 include/asm-generic/Kbuild                         |    1 +
 include/asm-generic/softirq_stack.h                |   14 +
 include/asm-generic/vmlinux.lds.h                  |    9 +-
 include/drm/drm_file.h                             |    3 +
 include/linux/acpi.h                               |    3 -
 include/linux/can/can-ml.h                         |   12 +
 include/linux/compiler-clang.h                     |   10 -
 include/linux/compiler-gcc.h                       |   11 -
 include/linux/dma-fence.h                          |    3 +
 include/linux/dma-heap.h                           |   12 +-
 include/linux/fs.h                                 |    4 +-
 include/linux/gfp.h                                |   14 +
 include/linux/highmem-internal.h                   |    5 -
 include/linux/huge_mm.h                            |   15 +-
 include/linux/hugetlb.h                            |   98 +-
 include/linux/icmpv6.h                             |   26 +-
 include/linux/interrupt.h                          |    9 -
 include/linux/ipv6.h                               |    1 -
 include/linux/kasan-checks.h                       |    6 +
 include/linux/kasan.h                              |   37 +-
 include/linux/memcontrol.h                         |   43 +-
 include/linux/migrate.h                            |    2 +-
 include/linux/mm.h                                 |   22 +-
 include/linux/mm_inline.h                          |  113 +-
 include/linux/mmzone.h                             |   22 +-
 include/linux/netdevice.h                          |   34 +-
 include/linux/page-flags.h                         |    6 -
 include/linux/page_counter.h                       |    9 +-
 include/linux/pagemap.h                            |    5 +-
 include/linux/pci-epc.h                            |   39 +-
 include/linux/pci-epf.h                            |   28 +-
 include/linux/pci_ids.h                            |    3 +
 include/linux/platform_profile.h                   |    6 +-
 include/linux/swap.h                               |    8 +-
 include/linux/usb/composite.h                      |    4 +-
 include/linux/vdpa.h                               |   44 +-
 include/linux/virtio_pci_modern.h                  |  111 +
 include/net/icmp.h                                 |    6 +-
 include/trace/events/kmem.h                        |   24 +-
 include/trace/events/pagemap.h                     |   11 +-
 include/uapi/linux/mempolicy.h                     |    4 +-
 include/uapi/linux/vdpa.h                          |   40 +
 init/Kconfig                                       |   44 +-
 kernel/softirq.c                                   |    2 +
 kernel/sys.c                                       |    2 +-
 lib/Kconfig.debug                                  |   49 +-
 lib/Kconfig.kasan                                  |    6 +-
 lib/Makefile                                       |    2 +-
 lib/logic_pio.c                                    |    3 +
 lib/test_kasan.c                                   |  424 ++--
 lib/test_kasan_module.c                            |    5 +-
 mm/backing-dev.c                                   |    6 +-
 mm/compaction.c                                    |   73 +-
 mm/debug.c                                         |   10 +-
 mm/debug_vm_pgtable.c                              |   86 +-
 mm/filemap.c                                       |  583 +++---
 mm/gup.c                                           |    5 +-
 mm/huge_memory.c                                   |   28 +-
 mm/hugetlb.c                                       |  346 ++--
 mm/hugetlb_cgroup.c                                |    6 +-
 mm/kasan/common.c                                  |   56 +-
 mm/kasan/generic.c                                 |   38 +-
 mm/kasan/hw_tags.c                                 |   16 +
 mm/kasan/kasan.h                                   |   81 +-
 mm/kasan/quarantine.c                              |   22 +-
 mm/kasan/report.c                                  |   15 +-
 mm/kasan/report_generic.c                          |    8 +-
 mm/kasan/report_hw_tags.c                          |    8 +-
 mm/kasan/report_sw_tags.c                          |    8 +-
 mm/kasan/shadow.c                                  |   27 +-
 mm/kasan/sw_tags.c                                 |   20 +-
 mm/khugepaged.c                                    |    6 +-
 mm/list_lru.c                                      |   12 +-
 mm/memcontrol.c                                    |  279 ++-
 mm/memory-failure.c                                |   34 +-
 mm/memory.c                                        |   24 +-
 mm/memory_hotplug.c                                |   11 +-
 mm/mempolicy.c                                     |   18 +-
 mm/mempool.c                                       |    2 +-
 mm/migrate.c                                       |   10 +-
 mm/mlock.c                                         |    3 +-
 mm/mmap.c                                          |    4 +-
 mm/mprotect.c                                      |    7 +-
 mm/mremap.c                                        |    8 +
 mm/oom_kill.c                                      |    5 +-
 mm/page_alloc.c                                    |   64 +-
 mm/page_io.c                                       |   12 +-
 mm/page_owner.c                                    |    4 +-
 mm/page_reporting.c                                |    2 +-
 mm/pgtable-generic.c                               |    5 +-
 mm/rmap.c                                          |   35 +-
 mm/shmem.c                                         |    2 +-
 mm/slab.c                                          |   21 +-
 mm/slab.h                                          |   20 +-
 mm/slab_common.c                                   |   40 +-
 mm/slob.c                                          |    2 +-
 mm/slub.c                                          |  169 +-
 mm/swap.c                                          |   50 +-
 mm/swap_slots.c                                    |    3 +-
 mm/swap_state.c                                    |   31 +-
 mm/swapfile.c                                      |    8 +-
 mm/vmscan.c                                        |   98 +-
 mm/vmstat.c                                        |   14 +-
 mm/workingset.c                                    |    7 +-
 mm/z3fold.c                                        |   11 +-
 net/can/af_can.c                                   |   34 +-
 net/can/j1939/main.c                               |   22 +-
 net/can/j1939/socket.c                             |   13 +-
 net/can/proc.c                                     |   19 +-
 net/dsa/Kconfig                                    |    1 +
 net/hsr/hsr_framereg.c                             |    9 +-
 net/hsr/hsr_framereg.h                             |    1 +
 net/hsr/hsr_main.h                                 |    1 +
 net/ipv4/icmp.c                                    |    5 +-
 net/ipv6/icmp.c                                    |   18 +-
 net/ipv6/ip6_icmp.c                                |   12 +-
 net/mptcp/options.c                                |   23 +-
 net/mptcp/protocol.c                               |   64 +-
 net/mptcp/subflow.c                                |    6 +
 net/psample/psample.c                              |    4 +-
 net/qrtr/tun.c                                     |   12 +-
 net/sched/cls_flower.c                             |   15 +
 scripts/Kbuild.include                             |    6 +-
 scripts/Kconfig.include                            |   13 +-
 scripts/Makefile.build                             |    1 -
 scripts/Makefile.clean                             |    3 -
 scripts/Makefile.lib                               |   38 +-
 scripts/cc-version.sh                              |   82 +
 scripts/clang-tools/gen_compile_commands.py        |   12 +-
 scripts/clang-version.sh                           |   19 -
 scripts/gcc-version.sh                             |   20 -
 scripts/gdb/linux/Makefile                         |    4 +-
 scripts/genksyms/genksyms.c                        |    2 +-
 scripts/genksyms/genksyms.h                        |    2 +-
 scripts/genksyms/lex.l                             |   56 +-
 scripts/kconfig/Makefile                           |   36 +-
 scripts/kconfig/conf.c                             |   78 +-
 scripts/ld-version.sh                              |   82 +-
 scripts/lld-version.sh                             |   20 -
 scripts/spelling.txt                               |   30 +
 scripts/syscallhdr.sh                              |   98 +
 scripts/syscalltbl.sh                              |   73 +
 scripts/test_dwarf5_support.sh                     |    8 +
 tools/objtool/check.c                              |   16 +-
 tools/testing/selftests/wireguard/netns.sh         |   15 +-
 usr/Kconfig                                        |    1 -
 478 files changed, 12688 insertions(+), 5015 deletions(-)
 create mode 100644 Documentation/PCI/endpoint/function/binding/pci-ntb.rst
 create mode 100644 Documentation/PCI/endpoint/pci-ntb-function.rst
 create mode 100644 Documentation/PCI/endpoint/pci-ntb-howto.rst
 create mode 100644 Documentation/devicetree/bindings/pci/microchip,pcie-host.yaml
 delete mode 100644 Documentation/devicetree/bindings/pwm/pwm-zx.txt
 delete mode 100644 arch/ia64/kernel/nr-irqs.c
 create mode 100644 arch/x86/include/asm/softirq_stack.h
 create mode 100644 drivers/acpi/acpi_fpdt.c
 create mode 100644 drivers/block/n64cart.c
 create mode 100644 drivers/ntb/hw/epf/Kconfig
 create mode 100644 drivers/ntb/hw/epf/Makefile
 create mode 100644 drivers/ntb/hw/epf/ntb_hw_epf.c
 create mode 100644 drivers/pci/controller/pcie-microchip-host.c
 delete mode 100644 drivers/pci/controller/pcie-tango.c
 create mode 100644 drivers/pci/endpoint/functions/pci-epf-ntb.c
 delete mode 100644 drivers/pci/pcie/bw_notification.c
 delete mode 100644 drivers/pwm/pwm-zx.c
 create mode 100644 drivers/virtio/virtio_pci_modern_dev.c
 create mode 100644 fs/ext4/.kunitconfig
 create mode 100644 include/asm-generic/softirq_stack.h
 create mode 100644 include/linux/virtio_pci_modern.h
 create mode 100644 include/uapi/linux/vdpa.h
 create mode 100755 scripts/cc-version.sh
 delete mode 100755 scripts/clang-version.sh
 delete mode 100755 scripts/gcc-version.sh
 delete mode 100755 scripts/lld-version.sh
 create mode 100755 scripts/syscallhdr.sh
 create mode 100755 scripts/syscalltbl.sh
 create mode 100755 scripts/test_dwarf5_support.sh
Merging fixes/fixes (e71ba9452f0b Linux 5.11-rc2)
$ git merge fixes/fixes
Already up to date.
Merging kbuild-current/fixes (a95d33c81987 kbuild: lto: add _mcount to list of used symbols)
$ git merge kbuild-current/fixes
Merge made by the 'recursive' strategy.
 scripts/lto-used-symbollist.txt | 1 +
 1 file changed, 1 insertion(+)
Merging arc-current/for-curr (7c53f6b671f4 Linux 5.11-rc3)
$ git merge arc-current/for-curr
Already up to date.
Merging arm-current/fixes (4d62e81b60d4 ARM: kexec: fix oops after TLB are invalidated)
$ git merge arm-current/fixes
Already up to date.
Merging arm64-fixes/for-next/fixes (3c02600144bd arm64: stacktrace: Report when we reach the end of the stack)
$ git merge arm64-fixes/for-next/fixes
Auto-merging include/linux/kexec.h
Merge made by the 'recursive' strategy.
 arch/arm64/include/asm/module.lds.h    |  6 ++---
 arch/arm64/kernel/head.S               |  1 +
 arch/arm64/kernel/hyp-stub.S           | 40 +++++++++++++++++++++++-----------
 arch/arm64/kernel/machine_kexec_file.c |  4 +++-
 arch/arm64/kernel/probes/uprobes.c     |  2 +-
 arch/arm64/kernel/ptrace.c             |  2 +-
 arch/arm64/kernel/stacktrace.c         |  2 +-
 arch/arm64/kernel/suspend.c            |  2 +-
 arch/arm64/kvm/hyp/hyp-entry.S         |  2 +-
 arch/arm64/mm/mmu.c                    |  6 ++---
 include/linux/kexec.h                  |  2 ++
 kernel/kexec_internal.h                |  2 --
 12 files changed, 44 insertions(+), 27 deletions(-)
Merging arm-soc-fixes/arm/fixes (090e502e4e63 Merge tag 'socfpga_dts_fix_for_v5.12' of git://git.kernel.org/pub/scm/linux/kernel/git/dinguyen/linux into arm/fixes)
$ git merge arm-soc-fixes/arm/fixes
Already up to date.
Merging drivers-memory-fixes/fixes (5c8fe583cce5 Linux 5.11-rc1)
$ git merge drivers-memory-fixes/fixes
Already up to date.
Merging m68k-current/for-linus (c396dd2ec5bb macintosh/adb-iop: Use big-endian autopoll mask)
$ git merge m68k-current/for-linus
Already up to date.
Merging powerpc-fixes/fixes (f40ddce88593 Linux 5.11)
$ git merge powerpc-fixes/fixes
Already up to date.
Merging s390-fixes/fixes (f40ddce88593 Linux 5.11)
$ git merge s390-fixes/fixes
Already up to date.
Merging sparc/master (062c84fccc44 Merge tag 'rproc-v5.12' of git://git.kernel.org/pub/scm/linux/kernel/git/andersson/remoteproc)
$ git merge sparc/master
Already up to date.
Merging fscrypt-current/for-stable (d19d8d345eec fscrypt: fix inline encryption not used on new files)
$ git merge fscrypt-current/for-stable
Already up to date.
Merging net/master (6cf739131a15 r8169: fix jumbo packet handling on RTL8168e)
$ git merge net/master
Already up to date.
Merging bpf/master (557c223b643a selftests/bpf: No need to drop the packet when there is no geneve opt)
$ git merge bpf/master
Merge made by the 'recursive' strategy.
 arch/x86/net/bpf_jit_comp.c                        | 10 +++++++---
 include/uapi/linux/bpf.h                           |  1 -
 kernel/bpf/btf.c                                   |  2 --
 kernel/bpf/core.c                                  |  2 ++
 kernel/bpf/verifier.c                              |  2 +-
 tools/bpf/resolve_btfids/main.c                    |  5 +++++
 tools/include/uapi/linux/bpf.h                     |  1 -
 .../selftests/bpf/progs/test_global_func11.c       |  2 +-
 .../testing/selftests/bpf/progs/test_tunnel_kern.c |  6 ++----
 tools/testing/selftests/bpf/verifier/atomic_and.c  | 23 ++++++++++++++++++++++
 10 files changed, 41 insertions(+), 13 deletions(-)
Merging ipsec/master (8fc0e3b6a866 xfrm: interface: fix ipv4 pmtu check to honor ip header df)
$ git merge ipsec/master
Merge made by the 'recursive' strategy.
 net/xfrm/xfrm_interface.c | 3 +++
 1 file changed, 3 insertions(+)
Merging netfilter/master (3af409ca278d net: enetc: fix destroyed phylink dereference during unbind)
$ git merge netfilter/master
Already up to date.
Merging ipvs/master (44a674d6f798 Merge tag 'mlx5-fixes-2021-01-26' of git://git.kernel.org/pub/scm/linux/kernel/git/saeed/linux)
$ git merge ipvs/master
Already up to date.
Merging wireless-drivers/master (4538c5ed0f7e iwlwifi: avoid crash on unsupported debug collection)
$ git merge wireless-drivers/master
Merge made by the 'recursive' strategy.
 drivers/net/wireless/ath/ath9k/ath9k.h           |  3 ++-
 drivers/net/wireless/ath/ath9k/xmit.c            |  6 ++++++
 drivers/net/wireless/intel/iwlwifi/iwl-op-mode.h |  2 ++
 drivers/net/wireless/mediatek/mt76/dma.c         | 15 ++++++---------
 drivers/net/wireless/mediatek/mt76/mt7915/mac.c  | 10 +++++-----
 5 files changed, 21 insertions(+), 15 deletions(-)
Merging mac80211/master (3af409ca278d net: enetc: fix destroyed phylink dereference during unbind)
$ git merge mac80211/master
Already up to date.
Merging rdma-fixes/for-rc (1048ba83fb1c Linux 5.11-rc6)
$ git merge rdma-fixes/for-rc
Already up to date.
Merging sound-current/for-linus (c88fb897c1fb ALSA: n64: Fix return value check in n64audio_probe())
$ git merge sound-current/for-linus
Merge made by the 'recursive' strategy.
 sound/mips/snd-n64.c | 8 ++++----
 1 file changed, 4 insertions(+), 4 deletions(-)
Merging sound-asoc-fixes/for-linus (cf421c5a84ca Merge remote-tracking branch 'asoc/for-5.12' into asoc-linus)
$ git merge sound-asoc-fixes/for-linus
Merge made by the 'recursive' strategy.
 sound/soc/codecs/ak4458.c             |   1 +
 sound/soc/codecs/ak5558.c             |   1 +
 sound/soc/codecs/lpass-rx-macro.c     |   2 +-
 sound/soc/codecs/rt1015.c             |   2 +
 sound/soc/codecs/rt5670.c             | 110 +++++++++++++++++++++++++++++-----
 sound/soc/codecs/rt5670.h             |   9 +--
 sound/soc/fsl/fsl_ssi.c               |   6 +-
 sound/soc/intel/boards/bytcr_rt5640.c |   2 +-
 8 files changed, 111 insertions(+), 22 deletions(-)
Merging regmap-fixes/for-linus (19c329f68089 Linux 5.11-rc4)
$ git merge regmap-fixes/for-linus
Already up to date.
Merging regulator-fixes/for-linus (4a8a7d251201 Merge remote-tracking branch 'regulator/for-5.12' into regulator-linus)
$ git merge regulator-fixes/for-linus
Merge made by the 'recursive' strategy.
 drivers/regulator/mt6315-regulator.c    | 2 +-
 drivers/regulator/pca9450-regulator.c   | 2 +-
 drivers/regulator/qcom-rpmh-regulator.c | 6 +++---
 3 files changed, 5 insertions(+), 5 deletions(-)
Merging spi-fixes/for-linus (21b49223c0f5 Merge remote-tracking branch 'spi/for-5.12' into spi-linus)
$ git merge spi-fixes/for-linus
Merge made by the 'recursive' strategy.
 drivers/spi/spi-bcm63xx-hsspi.c |  7 ++++++-
 drivers/spi/spi-bcm63xx.c       |  6 +++++-
 drivers/spi/spi-ti-qspi.c       | 20 ++++++++++++++------
 3 files changed, 25 insertions(+), 8 deletions(-)
Merging pci-current/for-linus (7e69d07d7c3c Revert "PCI/ASPM: Save/restore L1SS Capability for suspend/resume")
$ git merge pci-current/for-linus
Auto-merging drivers/pci/pci.h
Auto-merging drivers/pci/pci.c
Merge made by the 'recursive' strategy.
Merging driver-core.current/driver-core-linus (29c395c77a9a Merge tag 'x86-entry-2021-02-24' of git://git.kernel.org/pub/scm/linux/kernel/git/tip/tip)
$ git merge driver-core.current/driver-core-linus
Already up to date.
Merging tty.current/tty-linus (29c395c77a9a Merge tag 'x86-entry-2021-02-24' of git://git.kernel.org/pub/scm/linux/kernel/git/tip/tip)
$ git merge tty.current/tty-linus
Already up to date.
Merging usb.current/usb-linus (29c395c77a9a Merge tag 'x86-entry-2021-02-24' of git://git.kernel.org/pub/scm/linux/kernel/git/tip/tip)
$ git merge usb.current/usb-linus
Already up to date.
Merging usb-gadget-fixes/fixes (129aa9734559 usb: raw-gadget: fix memory leak in gadget_setup)
$ git merge usb-gadget-fixes/fixes
Already up to date.
Merging usb-serial-fixes/usb-linus (92bf22614b21 Linux 5.11-rc7)
$ git merge usb-serial-fixes/usb-linus
Already up to date.
Merging usb-chipidea-fixes/for-usb-fixes (491b1bea0004 MAINTAINERS: update Peter Chen's email address)
$ git merge usb-chipidea-fixes/for-usb-fixes
Already up to date.
Merging phy/fixes (9a8b9434c60f phy: mediatek: Add missing MODULE_DEVICE_TABLE())
$ git merge phy/fixes
Already up to date.
Merging staging.current/staging-linus (29c395c77a9a Merge tag 'x86-entry-2021-02-24' of git://git.kernel.org/pub/scm/linux/kernel/git/tip/tip)
$ git merge staging.current/staging-linus
Already up to date.
Merging char-misc.current/char-misc-linus (29c395c77a9a Merge tag 'x86-entry-2021-02-24' of git://git.kernel.org/pub/scm/linux/kernel/git/tip/tip)
$ git merge char-misc.current/char-misc-linus
Already up to date.
Merging soundwire-fixes/fixes (5c8fe583cce5 Linux 5.11-rc1)
$ git merge soundwire-fixes/fixes
Already up to date.
Merging thunderbolt-fixes/fixes (f40ddce88593 Linux 5.11)
$ git merge thunderbolt-fixes/fixes
Already up to date.
Merging input-current/for-linus (1bff77f41a80 Input: st1232 - fix NORMAL vs. IDLE state handling)
$ git merge input-current/for-linus
Already up to date.
Merging crypto-current/master (0de9dc80625b hwrng: timeriomem - Use device-managed registration API)
$ git merge crypto-current/master
Already up to date.
Merging ide/master (6800cd8cbc6e ide-acpi: use %*ph to print small buffer)
$ git merge ide/master
Auto-merging include/linux/ide.h
Auto-merging drivers/ide/sis5513.c
Auto-merging drivers/ide/ide-acpi.c
Auto-merging drivers/ide/hpt366.c
Auto-merging drivers/ide/Kconfig
Merge made by the 'recursive' strategy.
 drivers/ide/Kconfig           |  2 +-
 drivers/ide/aec62xx.c         |  3 +--
 drivers/ide/alim15x3.c        |  3 +--
 drivers/ide/amd74xx.c         |  3 +--
 drivers/ide/atiixp.c          |  3 +--
 drivers/ide/cmd64x.c          |  3 +--
 drivers/ide/cs5520.c          |  3 +--
 drivers/ide/cs5530.c          |  3 +--
 drivers/ide/cs5535.c          |  3 +--
 drivers/ide/cs5536.c          |  3 +--
 drivers/ide/cy82c693.c        |  3 +--
 drivers/ide/delkin_cb.c       | 32 ++++++--------------------------
 drivers/ide/hpt366.c          |  5 ++---
 drivers/ide/ide-acpi.c        |  5 +----
 drivers/ide/ide-pci-generic.c |  3 +--
 drivers/ide/it8172.c          |  3 +--
 drivers/ide/it8213.c          |  3 +--
 drivers/ide/it821x.c          |  3 +--
 drivers/ide/jmicron.c         |  3 +--
 drivers/ide/ns87415.c         |  3 +--
 drivers/ide/opti621.c         |  3 +--
 drivers/ide/pdc202xx_new.c    |  3 +--
 drivers/ide/pdc202xx_old.c    |  3 +--
 drivers/ide/piix.c            |  3 +--
 drivers/ide/sc1200.c          | 43 ++++++++++++++-----------------------------
 drivers/ide/serverworks.c     |  3 +--
 drivers/ide/setup-pci.c       | 29 ++++++-----------------------
 drivers/ide/siimage.c         |  3 +--
 drivers/ide/sis5513.c         |  3 +--
 drivers/ide/sl82c105.c        |  3 +--
 drivers/ide/slc90e66.c        |  3 +--
 drivers/ide/triflex.c         | 24 ++++++++----------------
 drivers/ide/via82cxxx.c       |  3 +--
 include/linux/ide.h           |  8 +-------
 34 files changed, 65 insertions(+), 161 deletions(-)
Merging vfio-fixes/for-linus (e4eccb853664 vfio/pci: Bypass IGD init in case of -ENODEV)
$ git merge vfio-fixes/for-linus
Already up to date.
Merging kselftest-fixes/fixes (7a6eb7c34a78 selftests: Skip BPF seftests by default)
$ git merge kselftest-fixes/fixes
Already up to date.
Merging modules-fixes/modules-linus (57baec7b1b04 scripts/nsdeps: make sure to pass all module source files to spatch)
$ git merge modules-fixes/modules-linus
Already up to date.
Merging dmaengine-fixes/fixes (b6c14d7a8380 dmaengine dw: Revert "dmaengine: dw: Enable runtime PM")
$ git merge dmaengine-fixes/fixes
Already up to date.
Merging backlight-fixes/for-backlight-fixes (5c8fe583cce5 Linux 5.11-rc1)
$ git merge backlight-fixes/for-backlight-fixes
Already up to date.
Merging mtd-fixes/mtd/fixes (b135b3358d73 mtd: rawnand: omap: Use BCH private fields in the specific OOB layout)
$ git merge mtd-fixes/mtd/fixes
Already up to date.
Merging mfd-fixes/for-mfd-fixes (5c8fe583cce5 Linux 5.11-rc1)
$ git merge mfd-fixes/for-mfd-fixes
Already up to date.
Merging v4l-dvb-fixes/fixes (ef357e02b6c4 media: rockchip: rkisp1: extend uapi array sizes)
$ git merge v4l-dvb-fixes/fixes
Already up to date.
Merging reset-fixes/reset/fixes (b460e0a9e240 reset: intel: add unspecified HAS_IOMEM dependency)
$ git merge reset-fixes/reset/fixes
Already up to date.
Merging mips-fixes/mips-fixes (7b490a8ab0f2 MIPS: OCTEON: fix unreachable code in octeon_irq_init_ciu)
$ git merge mips-fixes/mips-fixes
Already up to date.
Merging at91-fixes/at91-fixes (16457a528e63 ARM: dts: at91: sam9x60: fix mux-mask to match product's datasheet)
$ git merge at91-fixes/at91-fixes
Merge made by the 'recursive' strategy.
 arch/arm/boot/dts/at91-sam9x60ek.dts      | 6 +++---
 arch/arm/boot/dts/at91-sama5d27_som1.dtsi | 4 ++--
 2 files changed, 5 insertions(+), 5 deletions(-)
Merging omap-fixes/fixes (effe89e40037 soc: ti: omap-prm: Fix occasional abort on reset deassert for dra7 iva)
$ git merge omap-fixes/fixes
Merge made by the 'recursive' strategy.
 arch/arm/boot/dts/am33xx.dtsi   |  3 ++
 arch/arm/mach-omap2/sr_device.c | 75 +++++++++++++++++++++++++++++++----------
 drivers/bus/omap_l3_noc.c       |  4 +--
 drivers/bus/ti-sysc.c           |  4 ++-
 drivers/soc/ti/omap_prm.c       |  8 +++--
 5 files changed, 72 insertions(+), 22 deletions(-)
Merging kvm-fixes/master (031b91a5fe6f KVM: x86: Set so called 'reserved CR3 bits in LM mask' at vCPU reset)
$ git merge kvm-fixes/master
Already up to date.
Merging kvms390-fixes/master (735931f9a51a MAINTAINERS: add uv.c also to KVM/s390)
$ git merge kvms390-fixes/master
Already up to date.
Merging hwmon-fixes/hwmon (4008bc7d3953 hwmon: (dell-smm) Add XPS 15 L502X to fan control blacklist)
$ git merge hwmon-fixes/hwmon
Already up to date.
Merging nvdimm-fixes/libnvdimm-fixes (7018c897c2f2 libnvdimm/dimm: Avoid race between probe and available_slots_show())
$ git merge nvdimm-fixes/libnvdimm-fixes
Already up to date.
Merging btrfs-fixes/next-fixes (08b609a13e80 Merge branch 'misc-5.12' into next-fixes)
$ git merge btrfs-fixes/next-fixes
Auto-merging fs/btrfs/scrub.c
Auto-merging fs/btrfs/raid56.c
Auto-merging fs/btrfs/inode.c
Auto-merging fs/btrfs/ctree.h
Merge made by the 'recursive' strategy.
 fs/btrfs/block-group.c      | 33 +++++++++++++++++++++++-
 fs/btrfs/block-group.h      |  9 +++++++
 fs/btrfs/compression.c      | 62 +++++++++++++++++++++++++++++++--------------
 fs/btrfs/ctree.h            |  5 ++++
 fs/btrfs/free-space-cache.c | 14 +++++-----
 fs/btrfs/inode.c            | 44 +++++++++++++++++++++++++++-----
 fs/btrfs/raid56.c           | 21 ++++++++-------
 fs/btrfs/reflink.c          | 18 +++++++++++++
 fs/btrfs/scrub.c            |  9 ++++++-
 fs/btrfs/tree-checker.c     | 16 +++---------
 fs/btrfs/tree-log.c         |  3 ---
 11 files changed, 175 insertions(+), 59 deletions(-)
Merging vfs-fixes/fixes (d36a1dd9f77a dump_common_audit_data(): fix racy accesses to ->d_name)
$ git merge vfs-fixes/fixes
Already up to date.
Merging dma-mapping-fixes/for-linus (d17405d52bac dma-mapping: benchmark: fix kernel crash when dma_map_single fails)
$ git merge dma-mapping-fixes/for-linus
Already up to date.
Merging i3c-fixes/i3c/fixes (291b5c9870fc i3c/master/mipi-i3c-hci: Fix position of __maybe_unused in i3c_hci_of_match)
$ git merge i3c-fixes/i3c/fixes
Already up to date.
Merging drivers-x86-fixes/fixes (215164bfb714 platform/x86: dell-wmi-sysman: fix a NULL pointer dereference)
$ git merge drivers-x86-fixes/fixes
Already up to date.
Merging samsung-krzk-fixes/fixes (5c8fe583cce5 Linux 5.11-rc1)
$ git merge samsung-krzk-fixes/fixes
Already up to date.
Merging pinctrl-samsung-fixes/fixes (5c8fe583cce5 Linux 5.11-rc1)
$ git merge pinctrl-samsung-fixes/fixes
Already up to date.
Merging devicetree-fixes/dt/linus (201158f866dd dt-bindings: media: Use graph and video-interfaces schemas, round 2)
$ git merge devicetree-fixes/dt/linus
Removing scripts/dtc/include-prefixes/c6x
Merge made by the 'recursive' strategy.
 .../devicetree/bindings/display/brcm,bcm2711-hdmi.yaml   |  2 +-
 Documentation/devicetree/bindings/media/i2c/imx258.yaml  | 14 +++++++-------
 .../devicetree/bindings/media/i2c/ovti,ov5647.yaml       |  5 ++---
 .../devicetree/bindings/media/i2c/ovti,ov5648.yaml       | 16 +++++-----------
 .../devicetree/bindings/media/i2c/ovti,ov8865.yaml       | 16 +++++-----------
 .../devicetree/bindings/media/i2c/sony,imx334.yaml       | 11 +++++------
 scripts/dtc/include-prefixes/c6x                         |  1 -
 7 files changed, 25 insertions(+), 40 deletions(-)
 delete mode 120000 scripts/dtc/include-prefixes/c6x
Merging scsi-fixes/fixes (f852c596f2ee scsi: scsi_debug: Fix a memory leak)
$ git merge scsi-fixes/fixes
Already up to date.
Merging drm-fixes/drm-fixes (f40ddce88593 Linux 5.11)
$ git merge drm-fixes/drm-fixes
Already up to date.
Merging amdgpu-fixes/drm-fixes (2c409ba81be2 drm/radeon: fix si_enable_smc_cac() failed issue)
$ git merge amdgpu-fixes/drm-fixes
Already up to date.
Merging drm-intel-fixes/for-linux-next-fixes (f40ddce88593 Linux 5.11)
$ git merge drm-intel-fixes/for-linux-next-fixes
Already up to date.
Merging mmc-fixes/fixes (d7fb9c242095 mmc: sdhci-pltfm: Fix linking err for sdhci-brcmstb)
$ git merge mmc-fixes/fixes
Already up to date.
Merging rtc-fixes/rtc-fixes (5c8fe583cce5 Linux 5.11-rc1)
$ git merge rtc-fixes/rtc-fixes
Already up to date.
Merging gnss-fixes/gnss-linus (7c53f6b671f4 Linux 5.11-rc3)
$ git merge gnss-fixes/gnss-linus
Already up to date.
Merging hyperv-fixes/hyperv-fixes (fff7b5e6ee63 x86/hyperv: Initialize clockevents after LAPIC is initialized)
$ git merge hyperv-fixes/hyperv-fixes
Already up to date.
Merging soc-fsl-fixes/fix (2663b3388551 soc: fsl: dpio: Get the cpumask through cpumask_of(cpu))
$ git merge soc-fsl-fixes/fix
Already up to date.
Merging risc-v-fixes/fixes (3da3cc1b5f47 Revert "dts: phy: add GPIO number and active state used for phy reset")
$ git merge risc-v-fixes/fixes
Already up to date.
Merging pidfd-fixes/fixes (a409ed156a90 Merge tag 'gpio-v5.11-1' of git://git.kernel.org/pub/scm/linux/kernel/git/linusw/linux-gpio)
$ git merge pidfd-fixes/fixes
Already up to date.
Merging fpga-fixes/fixes (5c8fe583cce5 Linux 5.11-rc1)
$ git merge fpga-fixes/fixes
Already up to date.
Merging spdx/spdx-linus (c03c21ba6f4e Merge tag 'keys-misc-20210126' of git://git.kernel.org/pub/scm/linux/kernel/git/dhowells/linux-fs)
$ git merge spdx/spdx-linus
Already up to date.
Merging gpio-brgl-fixes/gpio/for-current (f40ddce88593 Linux 5.11)
$ git merge gpio-brgl-fixes/gpio/for-current
Already up to date.
Merging gpio-intel-fixes/fixes (5c8fe583cce5 Linux 5.11-rc1)
$ git merge gpio-intel-fixes/fixes
Already up to date.
Merging pinctrl-intel-fixes/fixes (5c8fe583cce5 Linux 5.11-rc1)
$ git merge pinctrl-intel-fixes/fixes
Already up to date.
Merging erofs-fixes/fixes (a30573b3cdc7 erofs: fix setting up pcluster for temporary pages)
$ git merge erofs-fixes/fixes
Already up to date.
Merging integrity-fixes/fixes (843385694721 evm: Fix a small race in init_desc())
$ git merge integrity-fixes/fixes
Already up to date.
Merging kunit-fixes/kunit-fixes (2b8fdbbf1c61 kunit: tool: move kunitconfig parsing into __init__, make it optional)
$ git merge kunit-fixes/kunit-fixes
Already up to date.
Merging ubifs-fixes/fixes (78c7d49f55d8 ubifs: journal: Make sure to not dirty twice for auth nodes)
$ git merge ubifs-fixes/fixes
Already up to date.
Merging memblock-fixes/fixes (17cbe03872be mm/memblock: Fix typo in comment of memblock_phys_alloc_try_nid())
$ git merge memblock-fixes/fixes
Already up to date.
Merging cel-fixes/for-rc (135d48d516bd nfsd: don't abort copies early)
$ git merge cel-fixes/for-rc
Merge made by the 'recursive' strategy.
 fs/nfsd/Kconfig                            | 1 +
 fs/nfsd/filecache.c                        | 2 ++
 fs/nfsd/nfs4state.c                        | 2 +-
 net/sunrpc/xprtrdma/svc_rdma_backchannel.c | 6 +++---
 4 files changed, 7 insertions(+), 4 deletions(-)
Merging drm-misc-fixes/for-linux-next-fixes (54dab3a718f7 drm/panel: kd35t133: allow using non-continuous dsi clock)
$ git merge drm-misc-fixes/for-linux-next-fixes
Auto-merging drivers/gpu/drm/ttm/ttm_bo.c
Merge made by the 'recursive' strategy.
Merging kspp-gustavo/for-next/kspp (36f9ff9e03de lib: Fix fall-through warnings for Clang)
$ git merge kspp-gustavo/for-next/kspp
Already up to date.
Merging kbuild/for-next (6fbd6cf85a3b Merge tag 'kbuild-v5.12' of git://git.kernel.org/pub/scm/linux/kernel/git/masahiroy/linux-kbuild)
$ git merge kbuild/for-next
Already up to date.
Merging compiler-attributes/compiler-attributes (19c329f68089 Linux 5.11-rc4)
$ git merge compiler-attributes/compiler-attributes
Already up to date.
Merging dma-mapping/for-next (3dc47131f8aa media: uvcvideo: Use dma_alloc_noncontiguos API)
$ git merge dma-mapping/for-next
Auto-merging kernel/dma/mapping.c
Auto-merging include/linux/dma-map-ops.h
Auto-merging drivers/media/usb/uvc/uvcvideo.h
Auto-merging drivers/media/usb/uvc/uvc_video.c
Auto-merging drivers/iommu/dma-iommu.c
Merge made by the 'recursive' strategy.
 Documentation/core-api/dma-api.rst |  84 +++++++++++++++++++++
 drivers/iommu/dma-iommu.c          | 102 ++++++++++++++++++--------
 drivers/media/usb/uvc/uvc_video.c  |  79 ++++++++++++++------
 drivers/media/usb/uvc/uvcvideo.h   |   4 +-
 include/linux/dma-map-ops.h        |  18 +++++
 include/linux/dma-mapping.h        |  33 +++++++++
 kernel/dma/mapping.c               | 145 ++++++++++++++++++++++++++++++++++---
 7 files changed, 400 insertions(+), 65 deletions(-)
Merging asm-generic/master (38489db09b10 Merge branch 'asm-generic-fixes' into asm-generic)
$ git merge asm-generic/master
Already up to date!
Merge made by the 'recursive' strategy.
Merging arc/for-next (def9d2780727 Linux 5.5-rc7)
$ git merge arc/for-next
Already up to date.
Merging arm/for-next (1afb7e6348aa Merge branch 'devel-stable' into for-next)
$ git merge arm/for-next
Already up to date!
Merge made by the 'recursive' strategy.
Merging arm64/for-next/core (1ffa9763828c Merge branch 'for-next/vdso' into for-next/core)
$ git merge arm64/for-next/core
Already up to date.
Merging arm-perf/for-next/perf (f0c140481d1b perf: Constify static struct attribute_group)
$ git merge arm-perf/for-next/perf
Already up to date.
Merging arm-soc/for-next (e6c44b8c57c9 soc: document merges)
$ git merge arm-soc/for-next
Merge made by the 'recursive' strategy.
 arch/arm/arm-soc-for-next-contents.txt | 219 +++++++++++++++++++++++++++++++++
 1 file changed, 219 insertions(+)
 create mode 100644 arch/arm/arm-soc-for-next-contents.txt
Merging actions/for-next (006828d706fd Merge branch 'v5.12/defconfig' into for-next)
$ git merge actions/for-next
Auto-merging arch/arm/configs/multi_v7_defconfig
Auto-merging MAINTAINERS
Merge made by the 'recursive' strategy.
Merging amlogic/for-next (9faeb18107d1 Merge branch 'v5.12/soc' into tmp/aml-rebuild)
$ git merge amlogic/for-next
Merge made by the 'recursive' strategy.
 Documentation/devicetree/bindings/arm/amlogic.yaml |   1 +
 arch/arm64/boot/dts/amlogic/Makefile               |   1 +
 .../boot/dts/amlogic/meson-gxm-minix-neo-u9h.dts   | 120 +++++++++++++++++++++
 3 files changed, 122 insertions(+)
 create mode 100644 arch/arm64/boot/dts/amlogic/meson-gxm-minix-neo-u9h.dts
Merging aspeed/for-next (697dabd5d370 Merge branches 'soc-for-v5.12' and 'dt-for-v5.12' into for-next)
$ git merge aspeed/for-next
Already up to date!
Merge made by the 'recursive' strategy.
Merging at91/at91-next (9639bdcf8954 Merge branch 'at91-fixes' into at91-next)
$ git merge at91/at91-next
Already up to date!
Merge made by the 'recursive' strategy.
Merging drivers-memory/for-next (5c289c7fae29 Merge branch 'mem-ctrl-next' into for-next)
$ git merge drivers-memory/for-next
Already up to date!
Merge made by the 'recursive' strategy.
Merging imx-mxs/for-next (7535d59c5f11 Merge branch 'imx/defconfig' into for-next)
$ git merge imx-mxs/for-next
Already up to date!
Merge made by the 'recursive' strategy.
Merging keystone/next (9d2e21ed98a2 Merge branch 'for_5.12/drivers-soc' into next)
$ git merge keystone/next
Already up to date!
Merge made by the 'recursive' strategy.
Merging mediatek/for-next (e6468af3b590 Merge branch 'v5.11-next/soc' into for-next)
$ git merge mediatek/for-next
Already up to date!
Merge made by the 'recursive' strategy.
Merging mvebu/for-next (8e03d45cb7de Merge branch 'mvebu/dt64' into mvebu/for-next)
$ git merge mvebu/for-next
Already up to date!
Merge made by the 'recursive' strategy.
Merging omap/for-next (01e73147cbf8 Merge branch 'fixes' into for-next)
$ git merge omap/for-next
Already up to date!
Merge made by the 'recursive' strategy.
Merging qcom/for-next (d79b47c59576 Merge branches 'arm64-defconfig-for-5.12', 'arm64-for-5.12', 'defconfig-for-5.12', 'drivers-for-5.12' and 'dts-for-5.12' into for-next)
$ git merge qcom/for-next
Already up to date!
Merge made by the 'recursive' strategy.
Merging raspberrypi/for-next (fbdcf1d20126 ARM: dts: bcm2711: Add the CEC interrupt controller)
$ git merge raspberrypi/for-next
Auto-merging arch/arm64/configs/defconfig
Auto-merging arch/arm64/Kconfig.platforms
Auto-merging arch/arm/configs/multi_v7_defconfig
Merge made by the 'recursive' strategy.
Merging realtek/for-next (486f29df6941 Merge branch 'v5.8/dt' into next)
$ git merge realtek/for-next
Already up to date!
Merge made by the 'recursive' strategy.
Merging renesas/next (fc6f32116126 Merge branches 'renesas-arm-dt-for-v5.12' and 'renesas-drivers-for-v5.12' into renesas-next)
$ git merge renesas/next
Already up to date!
Merge made by the 'recursive' strategy.
Merging reset/reset/next (d17655759b3f reset: Add devm_reset_control_get_optional_exclusive_released())
$ git merge reset/reset/next
Already up to date.
Merging rockchip/for-next (38051549ac38 Merge branch 'v5.12-clk/next' into for-next)
$ git merge rockchip/for-next
Already up to date!
Merge made by the 'recursive' strategy.
Merging samsung-krzk/for-next (da2f247fcbf4 Merge branch 'next/soc' into for-next)
$ git merge samsung-krzk/for-next
Already up to date!
Merge made by the 'recursive' strategy.
Merging scmi/for-linux-next (f40ddce88593 Linux 5.11)
$ git merge scmi/for-linux-next
Already up to date.
Merging stm32/stm32-next (a9c92a9671d7 ARM: dts: stm32: add #clock-cells property to usbphyc node on stm32mp151)
$ git merge stm32/stm32-next
Auto-merging arch/arm/configs/multi_v7_defconfig
Merge made by the 'recursive' strategy.
Merging sunxi/sunxi/for-next (a352e9e72aa3 Merge branch 'sunxi/dt-for-5.12-late' into sunxi/for-next)
$ git merge sunxi/sunxi/for-next
Auto-merging arch/arm64/boot/dts/allwinner/sun50i-a64-pinephone.dtsi
Auto-merging arch/arm/boot/dts/sun8i-reference-design-tablet.dtsi
CONFLICT (content): Merge conflict in arch/arm/boot/dts/sun8i-reference-design-tablet.dtsi
Auto-merging arch/arm/boot/dts/sun8i-r16-parrot.dts
CONFLICT (content): Merge conflict in arch/arm/boot/dts/sun8i-r16-parrot.dts
Auto-merging arch/arm/boot/dts/sun8i-r16-bananapi-m2m.dts
CONFLICT (content): Merge conflict in arch/arm/boot/dts/sun8i-r16-bananapi-m2m.dts
Auto-merging arch/arm/boot/dts/sun8i-a83t.dtsi
Auto-merging arch/arm/boot/dts/sun8i-a33-sinlinx-sina33.dts
CONFLICT (content): Merge conflict in arch/arm/boot/dts/sun8i-a33-sinlinx-sina33.dts
Auto-merging arch/arm/boot/dts/sun8i-a33-olinuxino.dts
CONFLICT (content): Merge conflict in arch/arm/boot/dts/sun8i-a33-olinuxino.dts
Auto-merging arch/arm/boot/dts/sun8i-a23-a33.dtsi
Auto-merging arch/arm/boot/dts/sun6i-reference-design-tablet.dtsi
CONFLICT (content): Merge conflict in arch/arm/boot/dts/sun6i-reference-design-tablet.dtsi
Auto-merging arch/arm/boot/dts/sun6i-a31s-yones-toptech-bs1078-v2.dts
CONFLICT (content): Merge conflict in arch/arm/boot/dts/sun6i-a31s-yones-toptech-bs1078-v2.dts
Auto-merging arch/arm/boot/dts/sun6i-a31s-sinovoip-bpi-m2.dts
CONFLICT (content): Merge conflict in arch/arm/boot/dts/sun6i-a31s-sinovoip-bpi-m2.dts
Auto-merging arch/arm/boot/dts/sun6i-a31s-sina31s-core.dtsi
CONFLICT (content): Merge conflict in arch/arm/boot/dts/sun6i-a31s-sina31s-core.dtsi
Auto-merging arch/arm/boot/dts/sun6i-a31s-primo81.dts
CONFLICT (content): Merge conflict in arch/arm/boot/dts/sun6i-a31s-primo81.dts
Auto-merging arch/arm/boot/dts/sun6i-a31.dtsi
Auto-merging arch/arm/boot/dts/sun6i-a31-mele-a1000g-quad.dts
CONFLICT (content): Merge conflict in arch/arm/boot/dts/sun6i-a31-mele-a1000g-quad.dts
Auto-merging arch/arm/boot/dts/sun6i-a31-m9.dts
CONFLICT (content): Merge conflict in arch/arm/boot/dts/sun6i-a31-m9.dts
Auto-merging arch/arm/boot/dts/sun6i-a31-hummingbird.dts
CONFLICT (content): Merge conflict in arch/arm/boot/dts/sun6i-a31-hummingbird.dts
Resolved 'arch/arm/boot/dts/sun6i-a31-hummingbird.dts' using previous resolution.
Resolved 'arch/arm/boot/dts/sun6i-a31-m9.dts' using previous resolution.
Resolved 'arch/arm/boot/dts/sun6i-a31-mele-a1000g-quad.dts' using previous resolution.
Resolved 'arch/arm/boot/dts/sun6i-a31s-primo81.dts' using previous resolution.
Resolved 'arch/arm/boot/dts/sun6i-a31s-sina31s-core.dtsi' using previous resolution.
Resolved 'arch/arm/boot/dts/sun6i-a31s-sinovoip-bpi-m2.dts' using previous resolution.
Resolved 'arch/arm/boot/dts/sun6i-a31s-yones-toptech-bs1078-v2.dts' using previous resolution.
Resolved 'arch/arm/boot/dts/sun6i-reference-design-tablet.dtsi' using previous resolution.
Resolved 'arch/arm/boot/dts/sun8i-a33-olinuxino.dts' using previous resolution.
Resolved 'arch/arm/boot/dts/sun8i-a33-sinlinx-sina33.dts' using previous resolution.
Resolved 'arch/arm/boot/dts/sun8i-r16-bananapi-m2m.dts' using previous resolution.
Resolved 'arch/arm/boot/dts/sun8i-r16-parrot.dts' using previous resolution.
Resolved 'arch/arm/boot/dts/sun8i-reference-design-tablet.dtsi' using previous resolution.
Automatic merge failed; fix conflicts and then commit the result.
$ git commit --no-edit -v -a
[master b8195b2d03e1] Merge remote-tracking branch 'sunxi/sunxi/for-next'
$ git diff -M --stat --summary HEAD^..
 arch/arm/boot/dts/sun6i-a31-hummingbird.dts          |  2 +-
 arch/arm/boot/dts/sun6i-a31-m9.dts                   |  2 +-
 arch/arm/boot/dts/sun6i-a31-mele-a1000g-quad.dts     |  2 +-
 arch/arm/boot/dts/sun6i-a31.dtsi                     |  6 +++++-
 arch/arm/boot/dts/sun6i-a31s-primo81.dts             |  2 +-
 arch/arm/boot/dts/sun6i-a31s-sina31s-core.dtsi       |  2 +-
 arch/arm/boot/dts/sun6i-a31s-sinovoip-bpi-m2.dts     |  2 +-
 .../boot/dts/sun6i-a31s-yones-toptech-bs1078-v2.dts  |  2 +-
 arch/arm/boot/dts/sun6i-reference-design-tablet.dtsi |  2 +-
 arch/arm/boot/dts/sun8i-a23-a33.dtsi                 |  6 +++++-
 arch/arm/boot/dts/sun8i-a33-olinuxino.dts            |  2 +-
 arch/arm/boot/dts/sun8i-a33-sinlinx-sina33.dts       |  2 +-
 .../boot/dts/sun8i-a83t-allwinner-h8homlet-v2.dts    |  4 ++--
 arch/arm/boot/dts/sun8i-a83t-bananapi-m3.dts         |  4 ++--
 arch/arm/boot/dts/sun8i-a83t-cubietruck-plus.dts     |  4 ++--
 arch/arm/boot/dts/sun8i-a83t-tbs-a711.dts            |  4 ++--
 arch/arm/boot/dts/sun8i-a83t.dtsi                    | 11 ++++-------
 arch/arm/boot/dts/sun8i-r16-bananapi-m2m.dts         |  2 +-
 arch/arm/boot/dts/sun8i-r16-parrot.dts               |  2 +-
 arch/arm/boot/dts/sun8i-r40.dtsi                     | 16 ----------------
 arch/arm/boot/dts/sun8i-reference-design-tablet.dtsi |  2 +-
 arch/arm/boot/dts/sunxi-h3-h5.dtsi                   | 12 ++++++++++++
 arch/arm64/boot/dts/allwinner/sun50i-a100.dtsi       | 20 --------------------
 .../boot/dts/allwinner/sun50i-a64-amarula-relic.dts  |  2 +-
 .../boot/dts/allwinner/sun50i-a64-bananapi-m64.dts   |  2 +-
 .../boot/dts/allwinner/sun50i-a64-nanopi-a64.dts     |  2 +-
 .../boot/dts/allwinner/sun50i-a64-olinuxino.dts      |  2 +-
 .../boot/dts/allwinner/sun50i-a64-orangepi-win.dts   |  2 +-
 arch/arm64/boot/dts/allwinner/sun50i-a64-pine64.dts  |  2 +-
 .../arm64/boot/dts/allwinner/sun50i-a64-pinebook.dts |  2 +-
 .../boot/dts/allwinner/sun50i-a64-pinephone.dtsi     |  2 +-
 arch/arm64/boot/dts/allwinner/sun50i-a64-pinetab.dts |  2 +-
 arch/arm64/boot/dts/allwinner/sun50i-a64-sopine.dtsi |  2 +-
 arch/arm64/boot/dts/allwinner/sun50i-a64-teres-i.dts |  2 +-
 arch/arm64/boot/dts/allwinner/sun50i-a64.dtsi        | 20 +++++---------------
 arch/arm64/boot/dts/allwinner/sun50i-h5.dtsi         |  6 ------
 .../boot/dts/allwinner/sun50i-h6-beelink-gs1.dts     |  2 +-
 .../boot/dts/allwinner/sun50i-h6-orangepi-3.dts      |  2 +-
 .../arm64/boot/dts/allwinner/sun50i-h6-orangepi.dtsi |  2 +-
 arch/arm64/boot/dts/allwinner/sun50i-h6-pine-h64.dts |  4 ++--
 arch/arm64/boot/dts/allwinner/sun50i-h6.dtsi         | 14 +++++---------
 41 files changed, 73 insertions(+), 112 deletions(-)
Merging tegra/for-next (b62f4a3fbb22 Merge branch for-5.12/arm64/defconfig into for-next)
$ git merge tegra/for-next
Already up to date!
Merge made by the 'recursive' strategy.
Merging ti-k3/ti-k3-next (1e3d655fe7b4 Merge branch 'ti-k3-config-next' into ti-k3-next)
$ git merge ti-k3/ti-k3-next
Already up to date!
Merge made by the 'recursive' strategy.
Merging ti-k3-new/ti-k3-next (e37eac10bb5d Merge branch 'ti-k3-dts-next' into ti-k3-next)
$ git merge ti-k3-new/ti-k3-next
Already up to date!
Merge made by the 'recursive' strategy.
Merging clk/clk-next (4d5c4ae32945 Merge branches 'clk-socfpga', 'clk-mstar', 'clk-qcom' and 'clk-warnings' into clk-next)
$ git merge clk/clk-next
Already up to date.
Merging clk-renesas/renesas-clk (24ece96554a9 clk: renesas: cpg-mssr: Fix formatting issues for 'smstpcr_saved's documentation)
$ git merge clk-renesas/renesas-clk
Already up to date.
Merging clk-samsung/for-next (44a9e78f9242 clk: samsung: Prevent potential endless loop in the PLL ops)
$ git merge clk-samsung/for-next
Already up to date.
Merging csky/linux-next (9d986b01feb9 csky: use free_initmem_default() in free_initmem())
$ git merge csky/linux-next
Auto-merging include/linux/cpuhotplug.h
Removing arch/csky/include/asm/atomic.h
Merge made by the 'recursive' strategy.
 arch/csky/Kconfig                         |  24 +-
 arch/csky/abiv1/inc/abi/ckmmu.h           |   9 +-
 arch/csky/abiv1/inc/abi/pgtable-bits.h    |  39 ++-
 arch/csky/abiv1/inc/abi/regdef.h          |   5 +
 arch/csky/abiv1/inc/abi/vdso.h            |  18 +-
 arch/csky/abiv2/cacheflush.c              |   3 +
 arch/csky/abiv2/inc/abi/ckmmu.h           |  43 +++-
 arch/csky/abiv2/inc/abi/entry.h           |  19 +-
 arch/csky/abiv2/inc/abi/pgtable-bits.h    |  36 ++-
 arch/csky/abiv2/inc/abi/regdef.h          |   5 +
 arch/csky/abiv2/inc/abi/vdso.h            |  20 +-
 arch/csky/include/asm/atomic.h            | 212 ----------------
 arch/csky/include/asm/barrier.h           |  82 +++++--
 arch/csky/include/asm/bug.h               |   2 +
 arch/csky/include/asm/clocksource.h       |   8 +
 arch/csky/include/asm/cmpxchg.h           |  27 ++-
 arch/csky/include/asm/futex.h             | 121 ++++++++++
 arch/csky/include/asm/memory.h            |   2 +-
 arch/csky/include/asm/mmu_context.h       |   9 +-
 arch/csky/include/asm/page.h              |   2 +-
 arch/csky/include/asm/pgalloc.h           |   2 +-
 arch/csky/include/asm/pgtable.h           |  78 +++---
 arch/csky/include/asm/processor.h         |   2 +-
 arch/csky/include/asm/segment.h           |   2 +-
 arch/csky/include/asm/spinlock.h          | 167 -------------
 arch/csky/include/asm/spinlock_types.h    |  10 -
 arch/csky/include/asm/thread_info.h       |   1 -
 arch/csky/include/asm/vdso.h              |  21 +-
 arch/csky/include/asm/vdso/clocksource.h  |   9 +
 arch/csky/include/asm/vdso/gettimeofday.h | 114 +++++++++
 arch/csky/include/asm/vdso/processor.h    |  12 +
 arch/csky/include/asm/vdso/vsyscall.h     |  22 ++
 arch/csky/kernel/Makefile                 |   2 +-
 arch/csky/kernel/atomic.S                 |  24 +-
 arch/csky/kernel/entry.S                  | 106 +-------
 arch/csky/kernel/head.S                   |  10 +-
 arch/csky/kernel/perf_event.c             |   4 +-
 arch/csky/kernel/probes/simulate-insn.c   |  22 +-
 arch/csky/kernel/ptrace.c                 | 128 +++++++++-
 arch/csky/kernel/setup.c                  |  18 +-
 arch/csky/kernel/signal.c                 |   4 +-
 arch/csky/kernel/smp.c                    |   7 +-
 arch/csky/kernel/traps.c                  |  10 +-
 arch/csky/kernel/vdso.c                   | 127 ++++++----
 arch/csky/kernel/vdso/.gitignore          |   4 +
 arch/csky/kernel/vdso/Makefile            |  72 ++++++
 arch/csky/kernel/vdso/note.S              |  12 +
 arch/csky/kernel/vdso/rt_sigreturn.S      |  14 ++
 arch/csky/kernel/vdso/so2s.sh             |   5 +
 arch/csky/kernel/vdso/vdso.S              |  16 ++
 arch/csky/kernel/vdso/vdso.lds.S          |  58 +++++
 arch/csky/kernel/vdso/vgettimeofday.c     |  28 +++
 arch/csky/kernel/vmlinux.lds.S            |   2 +-
 arch/csky/mm/fault.c                      | 388 ++++++++++++++++++------------
 arch/csky/mm/init.c                       |  56 +++--
 arch/csky/mm/tlb.c                        |  42 +++-
 include/linux/cpuhotplug.h                |   1 +
 57 files changed, 1346 insertions(+), 940 deletions(-)
 delete mode 100644 arch/csky/include/asm/atomic.h
 create mode 100644 arch/csky/include/asm/clocksource.h
 create mode 100644 arch/csky/include/asm/futex.h
 create mode 100644 arch/csky/include/asm/vdso/clocksource.h
 create mode 100644 arch/csky/include/asm/vdso/gettimeofday.h
 create mode 100644 arch/csky/include/asm/vdso/processor.h
 create mode 100644 arch/csky/include/asm/vdso/vsyscall.h
 create mode 100644 arch/csky/kernel/vdso/.gitignore
 create mode 100644 arch/csky/kernel/vdso/Makefile
 create mode 100644 arch/csky/kernel/vdso/note.S
 create mode 100644 arch/csky/kernel/vdso/rt_sigreturn.S
 create mode 100755 arch/csky/kernel/vdso/so2s.sh
 create mode 100644 arch/csky/kernel/vdso/vdso.S
 create mode 100644 arch/csky/kernel/vdso/vdso.lds.S
 create mode 100644 arch/csky/kernel/vdso/vgettimeofday.c
Merging h8300/h8300-next (8808515be0ed h8300: Replace <linux/clk-provider.h> by <linux/of_clk.h>)
$ git merge h8300/h8300-next
Auto-merging drivers/net/ethernet/smsc/smc91x.c
Auto-merging drivers/net/ethernet/smsc/Kconfig
Auto-merging drivers/clocksource/h8300_timer8.c
Auto-merging arch/h8300/kernel/setup.c
Merge made by the 'recursive' strategy.
 arch/h8300/Kconfig.cpu                  |  4 ++
 arch/h8300/boot/dts/edosk2674.dts       | 10 ++++-
 arch/h8300/boot/dts/h8300h_sim.dts      |  2 +-
 arch/h8300/boot/dts/h8s_sim.dts         |  2 +-
 arch/h8300/configs/edosk2674_defconfig  | 10 ++---
 arch/h8300/configs/h8300h-sim_defconfig |  8 +---
 arch/h8300/configs/h8s-sim_defconfig    |  8 +---
 arch/h8300/kernel/setup.c               |  2 +-
 arch/h8300/lib/memset.S                 | 17 +++++----
 drivers/clocksource/h8300_timer8.c      | 20 +++++-----
 drivers/irqchip/irq-renesas-h8300h.c    | 19 +++++++++-
 drivers/irqchip/irq-renesas-h8s.c       | 67 +++++++++++++++++++++++++--------
 drivers/net/ethernet/smsc/Kconfig       |  1 -
 drivers/net/ethernet/smsc/smc91x.c      | 10 +++++
 drivers/tty/serial/sh-sci.c             |  5 +--
 15 files changed, 123 insertions(+), 62 deletions(-)
Merging m68k/for-next (c396dd2ec5bb macintosh/adb-iop: Use big-endian autopoll mask)
$ git merge m68k/for-next
Already up to date.
Merging m68knommu/for-next (c1fb1bf64bb6 m68k: let clk_enable() return immediately if clk is NULL)
$ git merge m68knommu/for-next
Merge made by the 'recursive' strategy.
 arch/m68k/coldfire/clk.c | 4 ++++
 1 file changed, 4 insertions(+)
Merging microblaze/next (48783be427c7 microblaze: Fix built-in DTB alignment to be 8-byte aligned)
$ git merge microblaze/next
Already up to date.
Merging mips/mips-next (057a14d610cf arch: mips: update references to current linux-mips list)
$ git merge mips/mips-next
Already up to date.
Merging nds32/next (40e0dd851e7b nds32: Fix bogus reference to <asm/procinfo.h>)
$ git merge nds32/next
Already up to date.
Merging nios2/for-next (7f7bc20bc41a nios2: Don't use _end for calculating min_low_pfn)
$ git merge nios2/for-next
Already up to date.
Merging openrisc/for-next (8f722f67452f openrisc: Use devicetree to determine present cpus)
$ git merge openrisc/for-next
Auto-merging drivers/soc/litex/Kconfig
Merge made by the 'recursive' strategy.
 arch/openrisc/Kbuild               |   3 +
 arch/openrisc/Makefile             |  21 +++---
 arch/openrisc/boot/.gitignore      |   2 +
 arch/openrisc/boot/Makefile        |  10 +++
 arch/openrisc/kernel/process.c     |  13 +++-
 arch/openrisc/kernel/smp.c         |  23 ++++--
 drivers/soc/litex/Kconfig          |  14 +++-
 drivers/soc/litex/litex_soc_ctrl.c | 116 +++++++++++-----------------
 include/linux/litex.h              | 150 +++++++++++++++++++++++++------------
 9 files changed, 211 insertions(+), 141 deletions(-)
 create mode 100644 arch/openrisc/Kbuild
 create mode 100644 arch/openrisc/boot/.gitignore
 create mode 100644 arch/openrisc/boot/Makefile
Merging parisc-hd/for-next (f40ddce88593 Linux 5.11)
$ git merge parisc-hd/for-next
Already up to date.
Merging powerpc/next (82d2c16b350f powerpc/perf: Adds support for programming of Thresholding in P10)
$ git merge powerpc/next
Already up to date.
Merging fsl/next (a76bea0287ce powerpc/kmcent2: add ranges to the pci bridges)
$ git merge fsl/next
Already up to date.
Merging soc-fsl/next (e95f287deed2 soc: fsl: handle RCPM errata A-008646 on SoC LS1021A)
$ git merge soc-fsl/next
Already up to date.
Merging risc-v/for-next (d7fbcf40df86 riscv: Improve kasan population by using hugepages when possible)
$ git merge risc-v/for-next
Removing drivers/soc/kendryte/k210-sysctl.c
Removing drivers/soc/kendryte/Makefile
Removing drivers/soc/kendryte/Kconfig
Auto-merging drivers/soc/Makefile
CONFLICT (content): Merge conflict in drivers/soc/Makefile
Auto-merging drivers/soc/Kconfig
CONFLICT (content): Merge conflict in drivers/soc/Kconfig
Auto-merging drivers/reset/Kconfig
Auto-merging drivers/pinctrl/Makefile
Auto-merging drivers/pinctrl/Kconfig
Auto-merging drivers/clk/Makefile
Auto-merging drivers/clk/Kconfig
Auto-merging drivers/base/Kconfig
Auto-merging arch/riscv/mm/kasan_init.c
Auto-merging arch/riscv/mm/init.c
Auto-merging arch/riscv/kernel/stacktrace.c
Auto-merging arch/riscv/kernel/setup.c
Auto-merging arch/riscv/include/asm/set_memory.h
Auto-merging arch/riscv/include/asm/pgtable.h
Auto-merging arch/riscv/include/asm/page.h
Removing arch/riscv/boot/dts/kendryte/k210.dtsi
Removing arch/riscv/boot/dts/kendryte/k210.dts
Removing arch/riscv/boot/dts/kendryte/Makefile
Auto-merging arch/riscv/Kconfig
Auto-merging arch/arm64/mm/init.c
Auto-merging arch/arm64/mm/Makefile
CONFLICT (content): Merge conflict in arch/arm64/mm/Makefile
Auto-merging arch/arm64/Kconfig
Auto-merging MAINTAINERS
Auto-merging Documentation/devicetree/bindings/riscv/sifive-l2-cache.yaml
Resolved 'arch/arm64/mm/Makefile' using previous resolution.
Resolved 'drivers/soc/Kconfig' using previous resolution.
Resolved 'drivers/soc/Makefile' using previous resolution.
Automatic merge failed; fix conflicts and then commit the result.
$ git commit --no-edit -v -a
[master 68813e46a4b6] Merge remote-tracking branch 'risc-v/for-next'
$ git diff -M --stat --summary HEAD^..
 .../devicetree/bindings/gpio/sifive,gpio.yaml      |   29 +-
 .../interrupt-controller/sifive,plic-1.0.0.yaml    |   13 +-
 .../bindings/mfd/canaan,k210-sysctl.yaml           |  109 +++
 .../bindings/pinctrl/canaan,k210-fpioa.yaml        |  171 ++++
 .../devicetree/bindings/pwm/pwm-sifive.yaml        |    9 +-
 .../devicetree/bindings/reset/canaan,k210-rst.yaml |   40 +
 .../devicetree/bindings/riscv/canaan.yaml          |   47 +
 Documentation/devicetree/bindings/riscv/cpus.yaml  |    8 +
 .../devicetree/bindings/riscv/sifive-l2-cache.yaml |   34 +-
 .../devicetree/bindings/riscv/sifive.yaml          |   17 +-
 .../devicetree/bindings/serial/sifive-serial.yaml  |    1 +
 .../devicetree/bindings/timer/sifive,clint.yaml    |   12 +-
 .../bindings/timer/snps,dw-apb-timer.yaml          |    3 +
 MAINTAINERS                                        |   23 +
 arch/arm64/Kconfig                                 |    1 +
 arch/arm64/include/asm/numa.h                      |   48 +-
 arch/arm64/kernel/acpi_numa.c                      |   12 -
 arch/arm64/mm/Makefile                             |    1 -
 arch/arm64/mm/init.c                               |    4 +-
 arch/riscv/Kconfig                                 |   48 +-
 arch/riscv/Kconfig.socs                            |   33 +-
 arch/riscv/Makefile                                |   14 +-
 arch/riscv/boot/dts/Makefile                       |    2 +-
 arch/riscv/boot/dts/canaan/Makefile                |    5 +
 arch/riscv/boot/dts/canaan/canaan_kd233.dts        |  152 +++
 arch/riscv/boot/dts/canaan/k210.dtsi               |  459 +++++++++
 arch/riscv/boot/dts/canaan/k210_generic.dts        |   46 +
 arch/riscv/boot/dts/canaan/sipeed_maix_bit.dts     |  209 ++++
 arch/riscv/boot/dts/canaan/sipeed_maix_dock.dts    |  211 ++++
 arch/riscv/boot/dts/canaan/sipeed_maix_go.dts      |  219 +++++
 arch/riscv/boot/dts/canaan/sipeed_maixduino.dts    |  184 ++++
 arch/riscv/boot/dts/kendryte/Makefile              |    4 -
 arch/riscv/boot/dts/kendryte/k210.dts              |   23 -
 arch/riscv/boot/dts/kendryte/k210.dtsi             |  125 ---
 arch/riscv/boot/dts/sifive/Makefile                |    3 +-
 arch/riscv/boot/dts/sifive/fu740-c000.dtsi         |  293 ++++++
 .../riscv/boot/dts/sifive/hifive-unmatched-a00.dts |  253 +++++
 arch/riscv/configs/nommu_k210_defconfig            |   46 +-
 arch/riscv/configs/nommu_k210_sdcard_defconfig     |   92 ++
 arch/riscv/include/asm/bug.h                       |    1 +
 arch/riscv/include/asm/csr.h                       |    6 +
 arch/riscv/include/asm/kasan.h                     |   22 +-
 arch/riscv/include/asm/kprobes.h                   |   40 +
 arch/riscv/include/asm/mmu.h                       |    2 +
 arch/riscv/include/asm/mmu_context.h               |   10 +
 arch/riscv/include/asm/mmzone.h                    |   13 +
 arch/riscv/include/asm/numa.h                      |    8 +
 arch/riscv/include/asm/page.h                      |    3 -
 arch/riscv/include/asm/pci.h                       |   14 +
 arch/riscv/include/asm/pgtable.h                   |   21 +
 arch/riscv/include/asm/probes.h                    |   24 +
 arch/riscv/include/asm/processor.h                 |    1 +
 arch/riscv/include/asm/ptrace.h                    |   35 +
 arch/riscv/include/asm/sbi.h                       |   18 +-
 arch/riscv/include/asm/set_memory.h                |    2 +-
 arch/riscv/include/asm/soc.h                       |   38 -
 arch/riscv/include/asm/stackprotector.h            |    3 +-
 arch/riscv/include/asm/stacktrace.h                |    2 +
 arch/riscv/include/asm/thread_info.h               |    4 +-
 arch/riscv/include/asm/uprobes.h                   |   40 +
 arch/riscv/kernel/Makefile                         |    6 +-
 arch/riscv/kernel/asm-offsets.c                    |    3 +
 arch/riscv/kernel/ftrace.c                         |   95 +-
 arch/riscv/kernel/head.S                           |    4 +
 arch/riscv/kernel/image-vars.h                     |    2 +-
 arch/riscv/kernel/mcount-dyn.S                     |  342 +++----
 arch/riscv/kernel/patch.c                          |    8 +-
 arch/riscv/kernel/probes/Makefile                  |    6 +
 arch/riscv/kernel/probes/decode-insn.c             |   48 +
 arch/riscv/kernel/probes/decode-insn.h             |   18 +
 arch/riscv/kernel/probes/ftrace.c                  |   53 ++
 arch/riscv/kernel/probes/kprobes.c                 |  398 ++++++++
 arch/riscv/kernel/probes/kprobes_trampoline.S      |   93 ++
 arch/riscv/kernel/probes/simulate-insn.c           |   85 ++
 arch/riscv/kernel/probes/simulate-insn.h           |   47 +
 arch/riscv/kernel/probes/uprobes.c                 |  186 ++++
 arch/riscv/kernel/process.c                        |   18 +-
 arch/riscv/kernel/ptrace.c                         |   99 ++
 arch/riscv/kernel/sbi.c                            |   36 +-
 arch/riscv/kernel/setup.c                          |   23 +-
 arch/riscv/kernel/signal.c                         |    3 +
 arch/riscv/kernel/smpboot.c                        |   12 +-
 arch/riscv/kernel/soc.c                            |   27 -
 arch/riscv/kernel/stacktrace.c                     |   22 +-
 arch/riscv/kernel/traps.c                          |   22 +-
 arch/riscv/kernel/vdso/Makefile                    |    3 +-
 arch/riscv/lib/Makefile                            |    2 +
 arch/riscv/lib/error-inject.c                      |   10 +
 arch/riscv/mm/Makefile                             |    3 +-
 arch/riscv/mm/context.c                            |  265 +++++-
 arch/riscv/mm/fault.c                              |   38 +-
 arch/riscv/mm/init.c                               |  108 +--
 arch/riscv/mm/kasan_init.c                         |  176 +++-
 drivers/base/Kconfig                               |    6 +
 drivers/base/Makefile                              |    1 +
 arch/arm64/mm/numa.c => drivers/base/arch_numa.c   |   40 +-
 drivers/clk/Kconfig                                |    7 +
 drivers/clk/Makefile                               |    1 +
 drivers/clk/clk-k210.c                             | 1007 ++++++++++++++++++++
 drivers/pinctrl/Kconfig                            |   13 +
 drivers/pinctrl/Makefile                           |    1 +
 drivers/pinctrl/pinctrl-k210.c                     |  985 +++++++++++++++++++
 drivers/reset/Kconfig                              |   10 +
 drivers/reset/Makefile                             |    1 +
 drivers/reset/reset-k210.c                         |  131 +++
 drivers/soc/Kconfig                                |    2 +-
 drivers/soc/Makefile                               |    2 +-
 drivers/soc/canaan/Kconfig                         |   12 +
 drivers/soc/canaan/Makefile                        |    3 +
 drivers/soc/canaan/k210-sysctl.c                   |   78 ++
 drivers/soc/kendryte/Kconfig                       |   14 -
 drivers/soc/kendryte/Makefile                      |    3 -
 drivers/soc/kendryte/k210-sysctl.c                 |  260 -----
 drivers/soc/sifive/sifive_l2_cache.c               |   27 +-
 include/asm-generic/numa.h                         |   52 +
 include/dt-bindings/clock/k210-clk.h               |    1 -
 include/dt-bindings/pinctrl/k210-fpioa.h           |  276 ++++++
 include/dt-bindings/reset/k210-rst.h               |   42 +
 include/linux/initrd.h                             |   11 +
 include/soc/canaan/k210-sysctl.h                   |   43 +
 init/initramfs.c                                   |   45 +
 121 files changed, 7605 insertions(+), 1040 deletions(-)
 create mode 100644 Documentation/devicetree/bindings/mfd/canaan,k210-sysctl.yaml
 create mode 100644 Documentation/devicetree/bindings/pinctrl/canaan,k210-fpioa.yaml
 create mode 100644 Documentation/devicetree/bindings/reset/canaan,k210-rst.yaml
 create mode 100644 Documentation/devicetree/bindings/riscv/canaan.yaml
 create mode 100644 arch/riscv/boot/dts/canaan/Makefile
 create mode 100644 arch/riscv/boot/dts/canaan/canaan_kd233.dts
 create mode 100644 arch/riscv/boot/dts/canaan/k210.dtsi
 create mode 100644 arch/riscv/boot/dts/canaan/k210_generic.dts
 create mode 100644 arch/riscv/boot/dts/canaan/sipeed_maix_bit.dts
 create mode 100644 arch/riscv/boot/dts/canaan/sipeed_maix_dock.dts
 create mode 100644 arch/riscv/boot/dts/canaan/sipeed_maix_go.dts
 create mode 100644 arch/riscv/boot/dts/canaan/sipeed_maixduino.dts
 delete mode 100644 arch/riscv/boot/dts/kendryte/Makefile
 delete mode 100644 arch/riscv/boot/dts/kendryte/k210.dts
 delete mode 100644 arch/riscv/boot/dts/kendryte/k210.dtsi
 create mode 100644 arch/riscv/boot/dts/sifive/fu740-c000.dtsi
 create mode 100644 arch/riscv/boot/dts/sifive/hifive-unmatched-a00.dts
 create mode 100644 arch/riscv/configs/nommu_k210_sdcard_defconfig
 create mode 100644 arch/riscv/include/asm/mmzone.h
 create mode 100644 arch/riscv/include/asm/numa.h
 create mode 100644 arch/riscv/include/asm/probes.h
 create mode 100644 arch/riscv/include/asm/uprobes.h
 create mode 100644 arch/riscv/kernel/probes/Makefile
 create mode 100644 arch/riscv/kernel/probes/decode-insn.c
 create mode 100644 arch/riscv/kernel/probes/decode-insn.h
 create mode 100644 arch/riscv/kernel/probes/ftrace.c
 create mode 100644 arch/riscv/kernel/probes/kprobes.c
 create mode 100644 arch/riscv/kernel/probes/kprobes_trampoline.S
 create mode 100644 arch/riscv/kernel/probes/simulate-insn.c
 create mode 100644 arch/riscv/kernel/probes/simulate-insn.h
 create mode 100644 arch/riscv/kernel/probes/uprobes.c
 create mode 100644 arch/riscv/lib/error-inject.c
 rename arch/arm64/mm/numa.c => drivers/base/arch_numa.c (93%)
 create mode 100644 drivers/clk/clk-k210.c
 create mode 100644 drivers/pinctrl/pinctrl-k210.c
 create mode 100644 drivers/reset/reset-k210.c
 create mode 100644 drivers/soc/canaan/Kconfig
 create mode 100644 drivers/soc/canaan/Makefile
 create mode 100644 drivers/soc/canaan/k210-sysctl.c
 delete mode 100644 drivers/soc/kendryte/Kconfig
 delete mode 100644 drivers/soc/kendryte/Makefile
 delete mode 100644 drivers/soc/kendryte/k210-sysctl.c
 create mode 100644 include/asm-generic/numa.h
 create mode 100644 include/dt-bindings/pinctrl/k210-fpioa.h
 create mode 100644 include/dt-bindings/reset/k210-rst.h
 create mode 100644 include/soc/canaan/k210-sysctl.h
Merging s390/for-next (cf6acb8bdb1d s390/cpumf: Add support for complete counter set extraction)
$ git merge s390/for-next
Auto-merging include/linux/cpuhotplug.h
Merge made by the 'recursive' strategy.
 arch/s390/include/asm/irq_work.h               |  12 +
 arch/s390/include/asm/pgalloc.h                |   2 +-
 arch/s390/include/asm/pgtable.h                |  16 +-
 arch/s390/include/uapi/asm/perf_cpum_cf_diag.h |  51 +++
 arch/s390/kernel/perf_cpum_cf_diag.c           | 548 +++++++++++++++++++++++--
 arch/s390/kernel/smp.c                         |  28 +-
 arch/s390/kernel/topology.c                    |  25 +-
 arch/s390/mm/pgalloc.c                         |  22 +-
 arch/s390/mm/vmem.c                            |  30 +-
 arch/s390/tools/opcodes.txt                    |   2 +-
 drivers/s390/virtio/virtio_ccw.c               |   4 +-
 include/linux/cpuhotplug.h                     |   1 +
 12 files changed, 660 insertions(+), 81 deletions(-)
 create mode 100644 arch/s390/include/asm/irq_work.h
 create mode 100644 arch/s390/include/uapi/asm/perf_cpum_cf_diag.h
Merging sh/for-next (b89bc060b53e sh/intc: Restore devm_ioremap() alignment)
$ git merge sh/for-next
Already up to date.
Merging sparc-next/master (dd0d718152e4 Merge tag 'spi-fix-v5.8-rc2' of git://git.kernel.org/pub/scm/linux/kernel/git/broonie/spi)
$ git merge sparc-next/master
Already up to date.
Merging uml/linux-next (ddad5187fc2a um: irq.h: include <asm-generic/irq.h>)
$ git merge uml/linux-next
Already up to date.
Merging xtensa/xtensa-for-next (7b79eba1d0d1 xtensa: fix spelling mistake in Kconfig "wont" -> "won't")
$ git merge xtensa/xtensa-for-next
Auto-merging arch/xtensa/Kconfig
Merge made by the 'recursive' strategy.
 arch/xtensa/Kconfig | 2 +-
 1 file changed, 1 insertion(+), 1 deletion(-)
Merging pidfd/for-next (f69e8091c4a2 xfs: remove the possibly unused mp variable in xfs_file_compat_ioctl)
$ git merge pidfd/for-next
Already up to date.
Merging fscrypt/master (a14d0b676491 fscrypt: allow deleting files with unsupported encryption policy)
$ git merge fscrypt/master
Already up to date.
Merging fscache/fscache-next (32685453751f netfs: Hold a ref on a page when PG_private_2 is set)
$ git merge fscache/fscache-next
Auto-merging mm/filemap.c
Auto-merging lib/iov_iter.c
CONFLICT (content): Merge conflict in lib/iov_iter.c
Auto-merging include/linux/uio.h
Auto-merging include/linux/pagemap.h
Auto-merging include/linux/fs.h
CONFLICT (content): Merge conflict in include/linux/fs.h
Auto-merging fs/read_write.c
Auto-merging fs/internal.h
Auto-merging fs/ceph/super.h
Auto-merging fs/ceph/inode.c
Auto-merging fs/ceph/caps.c
Auto-merging fs/ceph/addr.c
Auto-merging fs/cachefiles/interface.c
Auto-merging fs/afs/internal.h
Auto-merging fs/afs/inode.c
Auto-merging fs/afs/dir.c
Auto-merging fs/Makefile
Auto-merging fs/Kconfig
Resolved 'include/linux/fs.h' using previous resolution.
Resolved 'lib/iov_iter.c' using previous resolution.
Automatic merge failed; fix conflicts and then commit the result.
$ git commit --no-edit -v -a
[master 9b9c9ff3accf] Merge remote-tracking branch 'fscache/fscache-next'
$ git diff -M --stat --summary HEAD^..
 fs/Kconfig                    |    1 +
 fs/Makefile                   |    1 +
 fs/afs/Kconfig                |    1 +
 fs/afs/dir.c                  |  225 +++++---
 fs/afs/file.c                 |  470 ++++-------------
 fs/afs/fs_operation.c         |    4 +-
 fs/afs/fsclient.c             |  108 ++--
 fs/afs/inode.c                |    7 +-
 fs/afs/internal.h             |   58 +-
 fs/afs/rxrpc.c                |  150 ++----
 fs/afs/write.c                |  610 ++++++++++++---------
 fs/afs/yfsclient.c            |   82 +--
 fs/cachefiles/Makefile        |    1 +
 fs/cachefiles/interface.c     |    5 +-
 fs/cachefiles/internal.h      |    9 +
 fs/cachefiles/rdwr2.c         |  412 +++++++++++++++
 fs/ceph/Kconfig               |    1 +
 fs/ceph/addr.c                |  535 ++++++++-----------
 fs/ceph/cache.c               |  125 -----
 fs/ceph/cache.h               |  101 +---
 fs/ceph/caps.c                |   10 +-
 fs/ceph/inode.c               |    1 +
 fs/ceph/super.h               |    1 +
 fs/fscache/Kconfig            |    1 +
 fs/fscache/Makefile           |    3 +-
 fs/fscache/internal.h         |    3 +
 fs/fscache/page.c             |    2 +-
 fs/fscache/page2.c            |  117 +++++
 fs/fscache/stats.c            |    1 +
 fs/internal.h                 |    5 -
 fs/netfs/Kconfig              |   23 +
 fs/netfs/Makefile             |    5 +
 fs/netfs/internal.h           |   97 ++++
 fs/netfs/read_helper.c        | 1169 +++++++++++++++++++++++++++++++++++++++++
 fs/netfs/stats.c              |   59 +++
 fs/read_write.c               |    1 +
 include/linux/fs.h            |    1 +
 include/linux/fscache-cache.h |    4 +
 include/linux/fscache.h       |   40 +-
 include/linux/netfs.h         |  197 +++++++
 include/linux/pagemap.h       |    3 +
 include/linux/uio.h           |   11 +
 include/net/af_rxrpc.h        |    2 +-
 include/trace/events/afs.h    |   74 ++-
 include/trace/events/netfs.h  |  201 +++++++
 lib/iov_iter.c                |  313 ++++++++++-
 mm/filemap.c                  |   20 +
 mm/readahead.c                |   70 +++
 net/rxrpc/recvmsg.c           |    9 +-
 49 files changed, 3776 insertions(+), 1573 deletions(-)
 create mode 100644 fs/cachefiles/rdwr2.c
 create mode 100644 fs/fscache/page2.c
 create mode 100644 fs/netfs/Kconfig
 create mode 100644 fs/netfs/Makefile
 create mode 100644 fs/netfs/internal.h
 create mode 100644 fs/netfs/read_helper.c
 create mode 100644 fs/netfs/stats.c
 create mode 100644 include/linux/netfs.h
 create mode 100644 include/trace/events/netfs.h
Merging afs/afs-next (8409f67b6437 afs: Adjust the fileserver rotation algorithm to reprobe/retry more quickly)
$ git merge afs/afs-next
Already up to date.
Merging btrfs/for-next (191e697796c2 Merge branch 'for-next-next-v5.11-20210217' into for-next-20210217)
$ git merge btrfs/for-next
Auto-merging lib/iov_iter.c
CONFLICT (content): Merge conflict in lib/iov_iter.c
Auto-merging fs/btrfs/tree-log.c
Auto-merging fs/btrfs/tree-checker.c
Auto-merging fs/btrfs/scrub.c
Auto-merging fs/btrfs/reflink.c
Auto-merging fs/btrfs/raid56.c
Auto-merging fs/btrfs/ioctl.c
Auto-merging fs/btrfs/inode.c
Auto-merging fs/btrfs/file.c
CONFLICT (content): Merge conflict in fs/btrfs/file.c
Auto-merging fs/btrfs/ctree.h
Auto-merging fs/btrfs/compression.c
Resolved 'fs/btrfs/file.c' using previous resolution.
Resolved 'lib/iov_iter.c' using previous resolution.
Automatic merge failed; fix conflicts and then commit the result.
$ git commit --no-edit -v -a
[master 7e4dc6cc81aa] Merge remote-tracking branch 'btrfs/for-next'
$ git diff -M --stat --summary HEAD^..
 fs/btrfs/compression.c  |  11 +-
 fs/btrfs/extent_io.c    |  22 +--
 fs/btrfs/file.c         |  15 +-
 fs/btrfs/inode.c        |  52 +++---
 fs/btrfs/ioctl.c        |   7 +-
 fs/btrfs/lzo.c          |   4 +-
 fs/btrfs/ordered-data.h |   4 +-
 fs/btrfs/raid56.c       |  10 +-
 fs/btrfs/reflink.c      |  12 +-
 fs/btrfs/relocation.c   | 414 +++++++++++++++++++++++++++++++++++++-----------
 fs/btrfs/send.c         |   7 +-
 fs/btrfs/transaction.c  |  37 +++--
 fs/btrfs/tree-checker.c |   5 +
 fs/btrfs/tree-log.c     |   8 +-
 fs/btrfs/zlib.c         |  10 +-
 fs/btrfs/zstd.c         |  11 +-
 include/linux/highmem.h |  56 +++++++
 lib/iov_iter.c          |  28 +---
 18 files changed, 486 insertions(+), 227 deletions(-)
Merging ceph/master (558b4510f622 ceph: defer flushing the capsnap if the Fb is used)
$ git merge ceph/master
Already up to date.
Merging cifs/for-next (eb5d480d5b0c cifs: update internal version number)
$ git merge cifs/for-next
Auto-merging fs/cifs/inode.c
Auto-merging fs/cifs/cifsfs.h
Auto-merging fs/cifs/cifsfs.c
Auto-merging fs/cifs/cifs_debug.c
Merge made by the 'recursive' strategy.
 Documentation/admin-guide/cifs/authors.rst      |   6 +-
 Documentation/admin-guide/cifs/changes.rst      |   5 +-
 Documentation/admin-guide/cifs/introduction.rst |  30 +-
 Documentation/admin-guide/cifs/todo.rst         |  34 ++-
 Documentation/admin-guide/cifs/usage.rst        |   2 +-
 fs/cifs/cifs_debug.c                            | 121 ++++----
 fs/cifs/cifs_swn.c                              |   2 +-
 fs/cifs/cifsacl.c                               | 379 +++++++++++++++++++-----
 fs/cifs/cifsacl.h                               |   4 +-
 fs/cifs/cifsencrypt.c                           |   6 +-
 fs/cifs/cifsfs.c                                |  15 +-
 fs/cifs/cifsfs.h                                |   2 +-
 fs/cifs/cifsglob.h                              |  12 +-
 fs/cifs/cifsproto.h                             |   5 +
 fs/cifs/cifssmb.c                               |   6 +-
 fs/cifs/connect.c                               | 317 +++++++++++---------
 fs/cifs/dfs_cache.c                             |  33 ++-
 fs/cifs/file.c                                  |   5 +-
 fs/cifs/fs_context.c                            |  75 +++--
 fs/cifs/fs_context.h                            |   6 +-
 fs/cifs/inode.c                                 |  23 +-
 fs/cifs/sess.c                                  |   2 +-
 fs/cifs/smb2ops.c                               | 109 +++++--
 fs/cifs/smb2pdu.c                               |  22 +-
 fs/cifs/trace.h                                 |  36 ++-
 fs/cifs/transport.c                             |  63 ++--
 26 files changed, 904 insertions(+), 416 deletions(-)
Merging configfs/for-next (65cdb4a214c0 configfs: fix kernel-doc markup issue)
$ git merge configfs/for-next
Already up to date.
Merging ecryptfs/next (902af369942f ecryptfs: use DEFINE_MUTEX() for mutex lock)
$ git merge ecryptfs/next
Auto-merging fs/ecryptfs/crypto.c
Merge made by the 'recursive' strategy.
 fs/ecryptfs/crypto.c          | 3 +--
 fs/ecryptfs/ecryptfs_kernel.h | 2 +-
 fs/ecryptfs/keystore.c        | 2 +-
 3 files changed, 3 insertions(+), 4 deletions(-)
Merging erofs/dev (ce0631291813 erofs: initialized fields can only be observed after bit is set)
$ git merge erofs/dev
Already up to date.
Merging exfat/dev (b12b47249688 Merge tag 'powerpc-5.12-1' of git://git.kernel.org/pub/scm/linux/kernel/git/powerpc/linux)
$ git merge exfat/dev
Already up to date.
Merging ext3/for_next (c5b8ccc3da76 Pull udf & isofs UID/GID parsing fixes.)
$ git merge ext3/for_next
Already up to date!
Merge made by the 'recursive' strategy.
Merging ext4/dev (0a76945fd1ba ext4: add .kunitconfig fragment to enable ext4-specific tests)
$ git merge ext4/dev
Already up to date.
Merging f2fs/dev (c03c21ba6f4e Merge tag 'keys-misc-20210126' of git://git.kernel.org/pub/scm/linux/kernel/git/dhowells/linux-fs)
$ git merge f2fs/dev
Already up to date.
Merging fsverity/fsverity (07c99001312c fs-verity: support reading signature with ioctl)
$ git merge fsverity/fsverity
Already up to date.
Merging fuse/for-next (5d069dbe8aaf fuse: fix bad inode)
$ git merge fuse/for-next
Already up to date.
Merging jfs/jfs-next (c03c21ba6f4e Merge tag 'keys-misc-20210126' of git://git.kernel.org/pub/scm/linux/kernel/git/dhowells/linux-fs)
$ git merge jfs/jfs-next
Already up to date.
Merging nfs/linux-next (92bf22614b21 Linux 5.11-rc7)
$ git merge nfs/linux-next
Already up to date.
Merging nfs-anna/linux-next (7ae017c7322e NFS: Support the '-owrite=' option in /proc/self/mounts and mountinfo)
$ git merge nfs-anna/linux-next
Auto-merging net/sunrpc/xprtrdma/svc_rdma_backchannel.c
Auto-merging include/linux/nfs_fs.h
Auto-merging fs/nfs/super.c
Auto-merging fs/nfs/nfs4proc.c
Auto-merging fs/nfs/nfs3acl.c
Auto-merging fs/nfs/inode.c
Merge made by the 'recursive' strategy.
 fs/nfs/file.c                              |  27 +++-
 fs/nfs/fs_context.c                        |  35 +++++
 fs/nfs/fscache.c                           |   4 -
 fs/nfs/inode.c                             | 111 ++++++++++------
 fs/nfs/nfs3acl.c                           |   1 +
 fs/nfs/nfs4client.c                        |   1 +
 fs/nfs/nfs4proc.c                          |  21 ++-
 fs/nfs/nfs4state.c                         |   1 +
 fs/nfs/pnfs.c                              |   2 +
 fs/nfs/read.c                              | 204 +++++++++++++----------------
 fs/nfs/super.c                             |   7 +
 fs/nfs/write.c                             |  37 ++++--
 include/linux/nfs_fs.h                     |   3 +-
 include/linux/nfs_fs_sb.h                  |   4 +-
 include/trace/events/rpcrdma.h             |  50 ++++++-
 net/sunrpc/rpc_pipe.c                      |   1 +
 net/sunrpc/xprtrdma/backchannel.c          |   4 +-
 net/sunrpc/xprtrdma/frwr_ops.c             |  12 +-
 net/sunrpc/xprtrdma/rpc_rdma.c             |  67 +++-------
 net/sunrpc/xprtrdma/svc_rdma_backchannel.c |   4 +-
 net/sunrpc/xprtrdma/xprt_rdma.h            |  15 ++-
 net/sunrpc/xprtsock.c                      |  17 ++-
 22 files changed, 356 insertions(+), 272 deletions(-)
Merging nfsd/nfsd-next (c3213d260a23 SUNRPC: Fix oops in the rpc_xdr_buf event class)
$ git merge nfsd/nfsd-next
Already up to date.
Merging cel/for-next (1bb67c344b13 NFSD: Clean up after updating NFSv3 ACL encoders)
$ git merge cel/for-next
Auto-merging fs/nfsd/nfsproc.c
Auto-merging fs/nfsd/nfsfh.c
Auto-merging fs/nfsd/nfs4state.c
Auto-merging fs/nfsd/nfs3acl.c
Auto-merging fs/nfsd/nfs2acl.c
Merge made by the 'recursive' strategy.
 fs/nfs_common/nfsacl.c     |   71 +++
 fs/nfsd/nfs2acl.c          |   87 ++--
 fs/nfsd/nfs3acl.c          |   39 +-
 fs/nfsd/nfs3proc.c         |   97 ++--
 fs/nfsd/nfs3xdr.c          | 1044 +++++++++++++++++++++++++++-----------------
 fs/nfsd/nfs4proc.c         |   31 +-
 fs/nfsd/nfs4state.c        |    6 +-
 fs/nfsd/nfs4xdr.c          |  110 ++---
 fs/nfsd/nfsfh.c            |    2 +-
 fs/nfsd/nfsfh.h            |    2 +-
 fs/nfsd/nfsproc.c          |   53 ++-
 fs/nfsd/nfssvc.c           |    4 +-
 fs/nfsd/nfsxdr.c           |  411 ++++++++++-------
 fs/nfsd/vfs.h              |    2 +-
 fs/nfsd/xdr.h              |   23 +-
 fs/nfsd/xdr3.h             |   37 +-
 fs/nfsd/xdr4.h             |    2 +-
 include/linux/nfsacl.h     |    3 +
 include/linux/sunrpc/svc.h |   25 ++
 include/linux/sunrpc/xdr.h |   20 +
 net/sunrpc/xdr.c           |    2 +-
 21 files changed, 1237 insertions(+), 834 deletions(-)
Merging orangefs/for-next (c1048828c3db orangefs: add splice file operations)
$ git merge orangefs/for-next
Already up to date.
Merging overlayfs/overlayfs-next (d46b7cd68336 ovl: plumb through flush method)
$ git merge overlayfs/overlayfs-next
Auto-merging fs/overlayfs/file.c
Merge made by the 'recursive' strategy.
 fs/overlayfs/file.c | 21 +++++++++++++++++++++
 1 file changed, 21 insertions(+)
Merging ubifs/next (42119dbe571e ubifs: Fix error return code in alloc_wbufs())
$ git merge ubifs/next
Already up to date.
Merging v9fs/9p-next (324a158fe535 fs: 9p: add generic splice_write file operation)
$ git merge v9fs/9p-next
Merge made by the 'recursive' strategy.
Merging xfs/for-next (756b1c343333 xfs: use current->journal_info for detecting transaction recursion)
$ git merge xfs/for-next
Merge made by the 'recursive' strategy.
 Documentation/admin-guide/xfs.rst | 16 ++++++++++------
 fs/iomap/buffered-io.c            |  7 -------
 fs/xfs/libxfs/xfs_btree.c         | 12 ++++++++++--
 fs/xfs/xfs_aops.c                 | 17 +++++++++++++++--
 fs/xfs/xfs_extent_busy.c          | 14 --------------
 fs/xfs/xfs_sysctl.c               | 35 ++++++++++++++---------------------
 fs/xfs/xfs_trans.c                | 33 +++++++++++++++------------------
 fs/xfs/xfs_trans.h                | 30 ++++++++++++++++++++++++++++++
 8 files changed, 94 insertions(+), 70 deletions(-)
Merging zonefs/for-next (059c01039c01 zonefs: Fix file size of zones in full condition)
$ git merge zonefs/for-next
Already up to date.
Merging iomap/iomap-for-next (ed1128c2d0c8 xfs: reduce exclusive locking on unaligned dio)
$ git merge iomap/iomap-for-next
Already up to date.
Merging djw-vfs/vfs-for-next (9b8523423b23 vfs: move __sb_{start,end}_write* to fs.h)
$ git merge djw-vfs/vfs-for-next
Already up to date.
Merging file-locks/locks-next (cc4a3f885e8f fcntl: make F_GETOWN(EX) return 0 on dead owner task)
$ git merge file-locks/locks-next
Already up to date.
Merging vfs/for-next (8e555af00592 Merge branches 'work.sparc', 'work.sparc32', 'work.recursive_removal', 'work.misc' and 'work.coredump' into for-next)
$ git merge vfs/for-next
Auto-merging include/linux/mount.h
Auto-merging include/linux/binfmts.h
Auto-merging fs/namespace.c
Auto-merging fs/inode.c
Auto-merging fs/gfs2/inode.c
Auto-merging fs/coredump.c
CONFLICT (content): Merge conflict in fs/coredump.c
Auto-merging fs/binfmt_elf_fdpic.c
Auto-merging fs/binfmt_elf.c
Auto-merging fs/9p/vfs_inode.c
Auto-merging drivers/staging/vme/devices/vme_user.c
Auto-merging drivers/rtc/rtc-m41t80.c
Auto-merging drivers/block/loop.c
Removing arch/sparc/mm/extable.c
Auto-merging arch/sparc/kernel/process_32.c
Auto-merging Documentation/filesystems/porting.rst
CONFLICT (content): Merge conflict in Documentation/filesystems/porting.rst
Resolved 'Documentation/filesystems/porting.rst' using previous resolution.
Resolved 'fs/coredump.c' using previous resolution.
Automatic merge failed; fix conflicts and then commit the result.
$ git commit --no-edit -v -a
[master a735369baaad] Merge remote-tracking branch 'vfs/for-next'
$ git diff -M --stat --summary HEAD^..
 Documentation/filesystems/porting.rst              |   7 +
 arch/powerpc/platforms/cell/spufs/coredump.c       |   3 +-
 arch/sh/boards/mach-landisk/gio.c                  |   6 +-
 arch/sparc/include/asm/elf_64.h                    |   1 -
 arch/sparc/include/asm/{extable_64.h => extable.h} |   4 +-
 arch/sparc/include/asm/processor_32.h              |   6 +-
 arch/sparc/include/asm/thread_info_64.h            |   1 +
 arch/sparc/include/asm/uaccess.h                   |   3 +
 arch/sparc/include/asm/uaccess_32.h                |  38 ---
 arch/sparc/include/asm/uaccess_64.h                |   1 -
 arch/sparc/kernel/head_32.S                        |   2 +-
 arch/sparc/kernel/head_64.S                        |   2 +-
 arch/sparc/kernel/process_32.c                     |  12 -
 arch/sparc/kernel/setup_32.c                       |   3 -
 arch/sparc/kernel/setup_64.c                       |   4 -
 arch/sparc/kernel/unaligned_32.c                   | 106 +------
 arch/sparc/lib/checksum_32.S                       |  64 ++---
 arch/sparc/lib/copy_user.S                         | 315 ++++++++-------------
 arch/sparc/lib/memset.S                            |  87 +++---
 arch/sparc/mm/Makefile                             |   2 +-
 arch/sparc/mm/extable.c                            | 107 -------
 arch/sparc/mm/fault_32.c                           |  80 +-----
 arch/sparc/mm/mm_32.h                              |   2 -
 drivers/block/loop.c                               |   2 +-
 drivers/dax/super.c                                |   2 +-
 drivers/infiniband/hw/qib/qib_fs.c                 |  68 +----
 drivers/rtc/rtc-m41t80.c                           |   4 +-
 drivers/s390/char/vmur.c                           |   2 +-
 drivers/staging/vme/devices/vme_user.c             |  12 +-
 fs/9p/vfs_inode.c                                  |  21 +-
 fs/binfmt_elf.c                                    |   4 +-
 fs/binfmt_elf_fdpic.c                              |   3 +-
 fs/coredump.c                                      |  72 +++--
 fs/gfs2/inode.c                                    |   4 +-
 fs/inode.c                                         |   1 +
 fs/jfs/super.c                                     |   1 -
 fs/namespace.c                                     |  53 ++--
 include/linux/binfmts.h                            |   1 +
 include/linux/coredump.h                           |  14 +-
 include/linux/mount.h                              |   1 -
 kernel/audit_fsnotify.c                            |   2 +-
 lib/extable.c                                      |   5 -
 42 files changed, 310 insertions(+), 818 deletions(-)
 rename arch/sparc/include/asm/{extable_64.h => extable.h} (92%)
 delete mode 100644 arch/sparc/mm/extable.c
Merging printk/for-next (f78dd21aa363 Merge branch 'for-5.12-no_hash_pointers' into for-next)
$ git merge printk/for-next
Already up to date!
Merge made by the 'recursive' strategy.
Merging pci/next (e18fb64b7986 Merge branch 'remotes/lorenzo/pci/misc')
$ git merge pci/next
Already up to date.
Merging pstore/for-next/pstore (9c7d83ae6ba6 pstore: Fix warning in pstore_kill_sb())
$ git merge pstore/for-next/pstore
Merge made by the 'recursive' strategy.
 fs/pstore/inode.c | 2 +-
 1 file changed, 1 insertion(+), 1 deletion(-)
Merging hid/for-next (914fe0466c86 Merge branch 'for-5.12/playstation-v2' into for-next)
$ git merge hid/for-next
Already up to date!
Merge made by the 'recursive' strategy.
Merging i2c/i2c/for-next (35ea257a39ae Merge branch 'i2c/for-5.12' into i2c/for-next)
$ git merge i2c/i2c/for-next
Already up to date!
Merge made by the 'recursive' strategy.
Merging i3c/i3c/next (5c34b8e7e8bb i3c: master: dw: Drop redundant disec call)
$ git merge i3c/i3c/next
Already up to date.
Merging dmi/dmi-for-next (3cb4d29a2633 MAINTAINERS: The DMI/SMBIOS tree has moved)
$ git merge dmi/dmi-for-next
Auto-merging MAINTAINERS
Merge made by the 'recursive' strategy.
 MAINTAINERS               | 2 +-
 drivers/firmware/dmi-id.c | 1 +
 2 files changed, 2 insertions(+), 1 deletion(-)
Merging hwmon-staging/hwmon-next (6ab3332cc692 MAINTAINERS: Add entry for Texas Instruments TPS23861 PoE PSE)
$ git merge hwmon-staging/hwmon-next
Already up to date.
Merging jc_docs/docs-next (f37a15ea8db0 docs: proc.rst: fix indentation warning)
$ git merge jc_docs/docs-next
Auto-merging Documentation/admin-guide/cgroup-v2.rst
Auto-merging Documentation/ABI/testing/ima_policy
Merge made by the 'recursive' strategy.
 Documentation/ABI/testing/ima_policy               |  2 +-
 Documentation/admin-guide/cgroup-v2.rst            |  2 +-
 Documentation/conf.py                              |  3 +-
 .../features/core/cBPF-JIT/arch-support.txt        |  1 -
 .../features/core/eBPF-JIT/arch-support.txt        |  1 -
 .../core/generic-idle-thread/arch-support.txt      |  1 -
 .../features/core/jump-labels/arch-support.txt     |  1 -
 .../features/core/tracehook/arch-support.txt       |  1 -
 .../features/debug/KASAN/arch-support.txt          |  1 -
 .../debug/debug-vm-pgtable/arch-support.txt        |  1 -
 .../debug/gcov-profile-all/arch-support.txt        |  3 +-
 Documentation/features/debug/kcov/arch-support.txt |  1 -
 Documentation/features/debug/kgdb/arch-support.txt |  1 -
 .../features/debug/kmemleak/arch-support.txt       |  3 +-
 .../debug/kprobes-on-ftrace/arch-support.txt       |  3 +-
 .../features/debug/kprobes/arch-support.txt        |  3 +-
 .../features/debug/kretprobes/arch-support.txt     |  3 +-
 .../features/debug/optprobes/arch-support.txt      |  1 -
 .../features/debug/stackprotector/arch-support.txt |  1 -
 .../features/debug/uprobes/arch-support.txt        |  3 +-
 .../debug/user-ret-profiler/arch-support.txt       |  1 -
 .../features/io/dma-contiguous/arch-support.txt    |  1 -
 .../locking/cmpxchg-local/arch-support.txt         |  1 -
 .../features/locking/lockdep/arch-support.txt      |  1 -
 .../locking/queued-rwlocks/arch-support.txt        |  1 -
 .../locking/queued-spinlocks/arch-support.txt      |  1 -
 .../features/perf/kprobes-event/arch-support.txt   |  3 +-
 .../features/perf/perf-regs/arch-support.txt       |  3 +-
 .../features/perf/perf-stackdump/arch-support.txt  |  3 +-
 .../sched/membarrier-sync-core/arch-support.txt    |  1 -
 .../features/sched/numa-balancing/arch-support.txt |  3 +-
 .../seccomp/seccomp-filter/arch-support.txt        |  1 -
 .../time/arch-tick-broadcast/arch-support.txt      |  1 -
 .../features/time/clockevents/arch-support.txt     |  1 -
 .../time/context-tracking/arch-support.txt         |  1 -
 .../features/time/irq-time-acct/arch-support.txt   |  1 -
 .../features/time/virt-cpuacct/arch-support.txt    |  1 -
 .../features/vm/ELF-ASLR/arch-support.txt          |  1 -
 .../features/vm/PG_uncached/arch-support.txt       |  1 -
 Documentation/features/vm/THP/arch-support.txt     |  1 -
 Documentation/features/vm/TLB/arch-support.txt     |  1 -
 .../features/vm/huge-vmap/arch-support.txt         |  1 -
 .../features/vm/ioremap_prot/arch-support.txt      |  1 -
 .../features/vm/pte_special/arch-support.txt       |  1 -
 Documentation/filesystems/proc.rst                 |  4 ++
 Documentation/powerpc/syscall64-abi.rst            | 51 ++++++++++++++--------
 Documentation/process/4.Coding.rst                 |  2 +-
 Documentation/process/submit-checklist.rst         |  2 +-
 .../translations/it_IT/process/4.Coding.rst        |  2 +-
 .../it_IT/process/submit-checklist.rst             |  2 +-
 .../translations/zh_CN/process/4.Coding.rst        |  2 +-
 drivers/gpu/drm/tilcdc/Makefile                    |  2 +-
 scripts/kernel-doc                                 |  2 +-
 53 files changed, 56 insertions(+), 81 deletions(-)
Merging v4l-dvb/master (8f202f8e9ff3 media: v4l: async: Fix kerneldoc documentation for async functions)
$ git merge v4l-dvb/master
Already up to date.
Merging v4l-dvb-next/master (d0a9fffedca1 docs: fs: api-summary.rst: get rid of kernel-doc include)
$ git merge v4l-dvb-next/master
Auto-merging scripts/kernel-doc
Auto-merging include/linux/refcount.h
Auto-merging include/linux/phy.h
Auto-merging include/linux/pagemap.h
Auto-merging include/linux/blk-mq.h
Auto-merging drivers/infiniband/ulp/srpt/ib_srpt.h
Auto-merging drivers/gpu/drm/drm_edid.c
Auto-merging drivers/gpu/drm/drm_dp_helper.c
CONFLICT (content): Merge conflict in drivers/gpu/drm/drm_dp_helper.c
Auto-merging drivers/crypto/allwinner/sun8i-ce/sun8i-ce-hash.c
Auto-merging MAINTAINERS
Auto-merging Documentation/userspace-api/index.rst
Auto-merging Documentation/hwmon/index.rst
Auto-merging Documentation/dev-tools/kasan.rst
CONFLICT (content): Merge conflict in Documentation/dev-tools/kasan.rst
Auto-merging Documentation/conf.py
CONFLICT (content): Merge conflict in Documentation/conf.py
Resolved 'Documentation/conf.py' using previous resolution.
Resolved 'Documentation/dev-tools/kasan.rst' using previous resolution.
Resolved 'drivers/gpu/drm/drm_dp_helper.c' using previous resolution.
Automatic merge failed; fix conflicts and then commit the result.
$ git commit --no-edit -v -a
[master 391778f38c21] Merge remote-tracking branch 'v4l-dvb-next/master'
$ git diff -M --stat --summary HEAD^..
Merging fbdev/fbdev-for-next (732146a3f1dc video: fbdev: imxfb: fix a typo in imxfb_probe())
$ git merge fbdev/fbdev-for-next
Already up to date.
Merging pm/linux-next (aa2245914698 Merge branches 'acpi-platform' and 'acpi-tables' into linux-next)
$ git merge pm/linux-next
Auto-merging MAINTAINERS
Merge made by the 'recursive' strategy.
Merging cpufreq-arm/cpufreq/arm/linux-next (67fc209b527d cpufreq: qcom-hw: drop devm_xxx() calls from init/exit hooks)
$ git merge cpufreq-arm/cpufreq/arm/linux-next
Already up to date.
Merging cpupower/cpupower (3a3ecfdb605c cpupower: Add cpuid cap flag for MSR_AMD_HWCR support)
$ git merge cpupower/cpupower
Already up to date.
Merging devfreq/devfreq-next (fc1745c0e40c PM / devfreq: rk3399_dmc: Remove unneeded semicolon)
$ git merge devfreq/devfreq-next
Already up to date.
Merging opp/opp/linux-next (de04241ab87a opp: Don't skip freq update for different frequency)
$ git merge opp/opp/linux-next
Already up to date.
Merging thermal/thermal/linux-next (a51afb13311c thermal: cpufreq_cooling: freq_qos_update_request() returns < 0 on error)
$ git merge thermal/thermal/linux-next
Already up to date.
Merging thermal-rzhang/next (54ecb8f7028c Linux 5.4-rc1)
$ git merge thermal-rzhang/next
Already up to date.
Merging thermal-soc/next (6c375eccded4 thermal: db8500: Rewrite to be a pure OF sensor)
$ git merge thermal-soc/next
Already up to date.
Merging ieee1394/for-next (67f8e65e4fc1 firewire: net: remove set but not used variable 'guid')
$ git merge ieee1394/for-next
Auto-merging drivers/firewire/net.c
Merge made by the 'recursive' strategy.
 drivers/firewire/net.c | 2 --
 1 file changed, 2 deletions(-)
Merging dlm/next (4f19d071f9be fs: dlm: check on existing node address)
$ git merge dlm/next
Already up to date.
Merging swiotlb/linux-next (47cfc5be1934 swiotlb: Validate bounce size in the sync/unmap path)
$ git merge swiotlb/linux-next
Auto-merging include/linux/dma-mapping.h
Auto-merging include/linux/device.h
Auto-merging drivers/nvme/host/pci.c
Merge made by the 'recursive' strategy.
 drivers/mmc/host/sdhci.c    |   9 +-
 drivers/nvme/host/pci.c     |   1 +
 include/linux/device.h      |   1 +
 include/linux/dma-mapping.h |  16 +++
 include/linux/swiotlb.h     |   1 +
 kernel/dma/swiotlb.c        | 310 +++++++++++++++++++++++++++-----------------
 6 files changed, 215 insertions(+), 123 deletions(-)
Merging rdma/for-next (7289e26f395b Merge tag 'v5.11' into rdma.git for-next)
$ git merge rdma/for-next
Already up to date.
Merging net-next/master (d310ec03a34e Merge tag 'perf-core-2021-02-17' of git://git.kernel.org/pub/scm/linux/kernel/git/tip/tip)
$ git merge net-next/master
Already up to date.
Merging bpf-next/for-next (d310ec03a34e Merge tag 'perf-core-2021-02-17' of git://git.kernel.org/pub/scm/linux/kernel/git/tip/tip)
$ git merge bpf-next/for-next
Already up to date.
Merging ipsec-next/master (d310ec03a34e Merge tag 'perf-core-2021-02-17' of git://git.kernel.org/pub/scm/linux/kernel/git/tip/tip)
$ git merge ipsec-next/master
Already up to date.
Merging mlx5-next/mlx5-next (432119de33d9 net/mlx5: Add cyc2time HW translation mode support)
$ git merge mlx5-next/mlx5-next
Already up to date.
Merging netfilter-next/master (38b5133ad607 octeontx2-pf: Fix otx2_get_fecparam())
$ git merge netfilter-next/master
Already up to date.
Merging ipvs-next/master (a61e4b60761f Merge branch 'net-dsa-hellcreek-add-taprio-offloading')
$ git merge ipvs-next/master
Already up to date.
Merging wireless-drivers-next/master (773dc50d7169 Merge branch 'Xilinx-axienet-updates')
$ git merge wireless-drivers-next/master
Already up to date.
Merging bluetooth/master (d310ec03a34e Merge tag 'perf-core-2021-02-17' of git://git.kernel.org/pub/scm/linux/kernel/git/tip/tip)
$ git merge bluetooth/master
Already up to date.
Merging mac80211-next/master (38b5133ad607 octeontx2-pf: Fix otx2_get_fecparam())
$ git merge mac80211-next/master
Already up to date.
Merging gfs2/for-next (f6e1e1d1e149 Merge tag 'gfs2-for-5.12' of git://git.kernel.org/pub/scm/linux/kernel/git/gfs2/linux-gfs2)
$ git merge gfs2/for-next
Already up to date.
Merging mtd/mtd/next (6e9dff6fe3fb dt-bindings: mtd: add binding for BCM4908 partitions)
$ git merge mtd/mtd/next
Already up to date.
Merging nand/nand/next (073abfa7ea9a mtd: rawnand: intel: Fix an error handling path in 'ebu_dma_start()')
$ git merge nand/nand/next
Already up to date.
Merging spi-nor/spi-nor/next (75386810d3a6 mtd: spi-nor: sst: Add support for Global Unlock on sst26vf)
$ git merge spi-nor/spi-nor/next
Already up to date.
Merging crypto/master (0de9dc80625b hwrng: timeriomem - Use device-managed registration API)
$ git merge crypto/master
Already up to date.
Merging drm/drm-next (d153e8c156da Merge tag 'drm-intel-next-fixes-2021-02-25' of git://anongit.freedesktop.org/drm/drm-intel into drm-next)
$ git merge drm/drm-next
Already up to date.
Merging drm-misc/for-linux-next (d922d58fedcd drm/panel: kd35t133: allow using non-continuous dsi clock)
$ git merge drm-misc/for-linux-next
Already up to date.
Merging amdgpu/drm-next (0de5c1dcd380 drm/amdgpu: always reset the asic in suspend)
$ git merge amdgpu/drm-next
Auto-merging drivers/gpu/drm/amd/display/dc/dcn30/dcn30_hwseq.c
Auto-merging drivers/gpu/drm/amd/display/dc/dc_stream.h
Auto-merging drivers/gpu/drm/amd/display/dc/core/dc.c
Auto-merging drivers/gpu/drm/amd/display/amdgpu_dm/amdgpu_dm.h
Auto-merging drivers/gpu/drm/amd/display/amdgpu_dm/amdgpu_dm.c
CONFLICT (content): Merge conflict in drivers/gpu/drm/amd/display/amdgpu_dm/amdgpu_dm.c
Auto-merging drivers/gpu/drm/amd/amdgpu/amdgpu_drv.c
Auto-merging drivers/gpu/drm/amd/amdgpu/amdgpu.h
Recorded preimage for 'drivers/gpu/drm/amd/display/amdgpu_dm/amdgpu_dm.c'
Automatic merge failed; fix conflicts and then commit the result.
$ git commit --no-edit -v -a
Recorded resolution for 'drivers/gpu/drm/amd/display/amdgpu_dm/amdgpu_dm.c'.
[master 344628bf8395] Merge remote-tracking branch 'amdgpu/drm-next'
$ git diff -M --stat --summary HEAD^..
 drivers/gpu/drm/amd/amdgpu/Kconfig                 |   9 -
 drivers/gpu/drm/amd/amdgpu/amdgpu.h                |  24 +-
 drivers/gpu/drm/amd/amdgpu/amdgpu_debugfs.c        | 180 +++++---------
 drivers/gpu/drm/amd/amdgpu/amdgpu_debugfs.h        |  14 +-
 drivers/gpu/drm/amd/amdgpu/amdgpu_drv.c            |  34 ++-
 drivers/gpu/drm/amd/amdgpu/amdgpu_fence.c          |  46 ++--
 drivers/gpu/drm/amd/amdgpu/amdgpu_gart.c           |  25 --
 drivers/gpu/drm/amd/amdgpu/amdgpu_gart.h           |   3 -
 drivers/gpu/drm/amd/amdgpu/amdgpu_gem.c            |  22 +-
 drivers/gpu/drm/amd/amdgpu/amdgpu_ib.c             |  23 +-
 drivers/gpu/drm/amd/amdgpu/amdgpu_kms.c            |  88 ++++++-
 drivers/gpu/drm/amd/amdgpu/amdgpu_object.h         |   3 +-
 drivers/gpu/drm/amd/amdgpu/amdgpu_ras.c            |  73 +++---
 drivers/gpu/drm/amd/amdgpu/amdgpu_ras.h            |   4 -
 drivers/gpu/drm/amd/amdgpu/amdgpu_ttm.c            | 184 ++++++---------
 drivers/gpu/drm/amd/amdgpu/amdgpu_ttm.h            |   6 +-
 drivers/gpu/drm/amd/amdgpu/amdgpu_vcn.h            |  13 +-
 drivers/gpu/drm/amd/amdgpu/athub_v2_1.c            |   6 +-
 drivers/gpu/drm/amd/amdgpu/cik.c                   |  77 ++++++
 .../gpu/drm/amd/amdgpu/dimgrey_cavefish_reg_init.c |   0
 drivers/gpu/drm/amd/amdgpu/gfx_v9_0.c              |  48 ++--
 drivers/gpu/drm/amd/amdgpu/nv.c                    | 181 ++++++++++++++
 drivers/gpu/drm/amd/amdgpu/sdma_v5_2.c             |   4 +-
 drivers/gpu/drm/amd/amdgpu/si.c                    | 111 +++++++++
 drivers/gpu/drm/amd/amdgpu/soc15.c                 | 232 ++++++++++++++++++
 drivers/gpu/drm/amd/amdgpu/vcn_v3_0.c              |  24 +-
 drivers/gpu/drm/amd/amdgpu/vi.c                    | 190 +++++++++++++++
 drivers/gpu/drm/amd/amdkfd/kfd_process.c           |  47 +++-
 drivers/gpu/drm/amd/display/amdgpu_dm/amdgpu_dm.c  | 226 +++++++++++++-----
 drivers/gpu/drm/amd/display/amdgpu_dm/amdgpu_dm.h  |   8 +
 .../drm/amd/display/amdgpu_dm/amdgpu_dm_debugfs.c  |  67 +++---
 .../drm/amd/display/amdgpu_dm/amdgpu_dm_debugfs.h  |   2 +-
 drivers/gpu/drm/amd/display/dc/basics/dc_common.c  |  20 +-
 drivers/gpu/drm/amd/display/dc/basics/dc_common.h  |   4 +-
 .../gpu/drm/amd/display/dc/bios/command_table2.c   |  72 +++++-
 drivers/gpu/drm/amd/display/dc/core/dc.c           |  82 ++++---
 drivers/gpu/drm/amd/display/dc/core/dc_link.c      |  11 +-
 drivers/gpu/drm/amd/display/dc/core/dc_link_ddc.c  |   2 +-
 drivers/gpu/drm/amd/display/dc/core/dc_link_dp.c   |  16 ++
 drivers/gpu/drm/amd/display/dc/core/dc_resource.c  |  43 ++++
 drivers/gpu/drm/amd/display/dc/dc.h                |   6 +-
 drivers/gpu/drm/amd/display/dc/dc_dmub_srv.c       |  22 ++
 drivers/gpu/drm/amd/display/dc/dc_dmub_srv.h       |   2 +
 drivers/gpu/drm/amd/display/dc/dc_hw_types.h       |   1 +
 drivers/gpu/drm/amd/display/dc/dc_stream.h         |  14 +-
 .../gpu/drm/amd/display/dc/dce/dce_clock_source.c  |  52 +++-
 drivers/gpu/drm/amd/display/dc/dce/dce_opp.c       |   4 +-
 drivers/gpu/drm/amd/display/dc/dce/dmub_abm.c      |  10 +-
 .../drm/amd/display/dc/dcn10/dcn10_hw_sequencer.c  | 261 ++++++++++++++++++---
 .../drm/amd/display/dc/dcn10/dcn10_hw_sequencer.h  |   8 +-
 drivers/gpu/drm/amd/display/dc/dcn10/dcn10_init.c  |   1 -
 drivers/gpu/drm/amd/display/dc/dcn10/dcn10_optc.h  |   2 +
 .../amd/display/dc/dcn10/dcn10_stream_encoder.c    |   1 -
 drivers/gpu/drm/amd/display/dc/dcn20/dcn20_hwseq.c |  15 +-
 drivers/gpu/drm/amd/display/dc/dcn20/dcn20_init.c  |   2 +-
 .../drm/amd/display/dc/dcn20/dcn20_link_encoder.c  |   3 +-
 drivers/gpu/drm/amd/display/dc/dcn20/dcn20_optc.c  | 123 ++++++++++
 .../gpu/drm/amd/display/dc/dcn20/dcn20_resource.c  |   8 +-
 drivers/gpu/drm/amd/display/dc/dcn21/dcn21_init.c  |   1 -
 .../gpu/drm/amd/display/dc/dcn21/dcn21_resource.c  |   9 +-
 .../display/dc/dcn30/dcn30_dio_stream_encoder.c    |   1 -
 drivers/gpu/drm/amd/display/dc/dcn30/dcn30_hwseq.c |  64 +----
 drivers/gpu/drm/amd/display/dc/dcn30/dcn30_hwseq.h |   4 -
 drivers/gpu/drm/amd/display/dc/dcn30/dcn30_init.c  |   1 -
 drivers/gpu/drm/amd/display/dc/dcn30/dcn30_mpc.c   |  24 +-
 .../gpu/drm/amd/display/dc/dcn30/dcn30_resource.c  |   2 +-
 .../gpu/drm/amd/display/dc/dcn301/dcn301_init.c    |   1 -
 drivers/gpu/drm/amd/display/dc/inc/clock_source.h  |   5 +
 .../drm/amd/display/dc/inc/hw/timing_generator.h   |  12 +
 drivers/gpu/drm/amd/display/dc/inc/hw_sequencer.h  |   7 +-
 drivers/gpu/drm/amd/display/dc/inc/resource.h      |   4 +
 drivers/gpu/drm/amd/display/dmub/inc/dmub_cmd.h    |   8 +-
 drivers/gpu/drm/amd/display/dmub/src/dmub_dcn20.c  |   7 +
 drivers/gpu/drm/amd/display/dmub/src/dmub_dcn20.h  |   7 +
 drivers/gpu/drm/amd/display/dmub/src/dmub_dcn30.c  |   7 +
 drivers/gpu/drm/amd/pm/amdgpu_pm.c                 |  25 +-
 drivers/gpu/drm/amd/pm/inc/amdgpu_pm.h             |   2 +-
 drivers/gpu/drm/amd/pm/inc/amdgpu_smu.h            |   3 -
 .../gpu/drm/amd/pm/powerplay/hwmgr/smu10_hwmgr.c   |  16 +-
 .../drm/amd/pm/powerplay/hwmgr/vega10_pptable.h    |   6 +-
 drivers/gpu/drm/amd/pm/powerplay/si_dpm.c          |   6 +-
 drivers/gpu/drm/amd/pm/powerplay/sislands_smc.h    |  10 +-
 drivers/gpu/drm/amd/pm/swsmu/smu11/navi10_ppt.c    |   2 +-
 drivers/gpu/drm/amd/pm/swsmu/smu11/vangogh_ppt.c   |  40 +---
 drivers/gpu/drm/amd/pm/swsmu/smu12/renoir_ppt.c    |  20 +-
 drivers/gpu/drm/radeon/nislands_smc.h              |  10 +-
 drivers/gpu/drm/radeon/r100.c                      |  84 +++----
 drivers/gpu/drm/radeon/r300.c                      |  33 +--
 drivers/gpu/drm/radeon/r420.c                      |  28 +--
 drivers/gpu/drm/radeon/r600.c                      |  27 +--
 drivers/gpu/drm/radeon/radeon.h                    |  25 +-
 drivers/gpu/drm/radeon/radeon_asic.h               |   8 +-
 drivers/gpu/drm/radeon/radeon_device.c             |  47 +---
 drivers/gpu/drm/radeon/radeon_dp_mst.c             |  20 +-
 drivers/gpu/drm/radeon/radeon_fence.c              |  42 ++--
 drivers/gpu/drm/radeon/radeon_gem.c                |  20 +-
 drivers/gpu/drm/radeon/radeon_ib.c                 |  26 +-
 drivers/gpu/drm/radeon/radeon_mode.h               |   2 +-
 drivers/gpu/drm/radeon/radeon_pm.c                 |  32 +--
 drivers/gpu/drm/radeon/radeon_ring.c               |  80 +++----
 drivers/gpu/drm/radeon/radeon_ttm.c                |  86 +++----
 drivers/gpu/drm/radeon/rs400.c                     |  25 +-
 drivers/gpu/drm/radeon/rs600.c                     |   8 +-
 drivers/gpu/drm/radeon/rv515.c                     |  56 +----
 include/uapi/drm/amdgpu_drm.h                      |  34 +++
 105 files changed, 2474 insertions(+), 1272 deletions(-)
 mode change 100755 => 100644 drivers/gpu/drm/amd/amdgpu/dimgrey_cavefish_reg_init.c
Merging drm-intel/for-linux-next (ed428ffc2852 drm/i915: Nuke INTEL_OUTPUT_FORMAT_INVALID)
$ git merge drm-intel/for-linux-next
Already up to date.
Merging drm-tegra/drm/tegra/for-next (dcdfe2712b68 drm/tegra: Fix reference leak when pm_runtime_get_sync() fails)
$ git merge drm-tegra/drm/tegra/for-next
Already up to date.
Merging drm-msm/msm-next (8490f02a3ca4 drm/msm: a6xx: Make sure the SQE microcode is safe)
$ git merge drm-msm/msm-next
Auto-merging drivers/gpu/drm/msm/adreno/a6xx_gmu.c
Merge made by the 'recursive' strategy.
 drivers/gpu/drm/msm/adreno/a6xx_gmu.c |  2 +-
 drivers/gpu/drm/msm/adreno/a6xx_gpu.c | 77 +++++++++++++++++++++++++++++------
 drivers/gpu/drm/msm/msm_atomic.c      |  7 +++-
 drivers/gpu/drm/msm/msm_kms.h         |  8 +---
 4 files changed, 72 insertions(+), 22 deletions(-)
Merging imx-drm/imx-drm/next (82581fcf070b drm/modes: add non-OF stub for of_get_drm_display_mode)
$ git merge imx-drm/imx-drm/next
Already up to date.
Merging etnaviv/etnaviv/next (7d614ab2f205 drm/etnaviv: fix NULL check before some freeing functions is not needed)
$ git merge etnaviv/etnaviv/next
Auto-merging drivers/gpu/drm/etnaviv/etnaviv_gem_prime.c
Merge made by the 'recursive' strategy.
 drivers/gpu/drm/etnaviv/etnaviv_dump.c      |  8 ++++----
 drivers/gpu/drm/etnaviv/etnaviv_gem_prime.c |  3 +--
 drivers/gpu/drm/etnaviv/etnaviv_gpu.c       | 12 ++++++++++++
 include/uapi/drm/etnaviv_drm.h              |  3 +++
 4 files changed, 20 insertions(+), 6 deletions(-)
Merging regmap/for-next (aa3233086b48 Merge remote-tracking branch 'regmap/for-5.12' into regmap-next)
$ git merge regmap/for-next
Already up to date.
Merging sound/for-next (c88fb897c1fb ALSA: n64: Fix return value check in n64audio_probe())
$ git merge sound/for-next
Already up to date.
Merging sound-asoc/for-next (cf421c5a84ca Merge remote-tracking branch 'asoc/for-5.12' into asoc-linus)
$ git merge sound-asoc/for-next
Already up to date.
Merging modules/modules-next (1e80d9cb579e module: potential uninitialized return in module_kallsyms_on_each_symbol())
$ git merge modules/modules-next
Already up to date.
Merging input/next (4c47097f8514 Input: aiptek - convert sysfs sprintf/snprintf family to sysfs_emit)
$ git merge input/next
Already up to date.
Merging block/for-next (c1943df0832f Merge branch 'io_uring-worker.v3' into for-next)
$ git merge block/for-next
Auto-merging net/socket.c
Auto-merging kernel/trace/blktrace.c
Auto-merging drivers/block/loop.c
Auto-merging arch/sparc/kernel/process_32.c
Auto-merging arch/riscv/kernel/process.c
Auto-merging arch/powerpc/kernel/process.c
Auto-merging arch/openrisc/kernel/process.c
Merge made by the 'recursive' strategy.
 arch/alpha/kernel/process.c      |    2 +-
 arch/arc/kernel/process.c        |    2 +-
 arch/arm/kernel/process.c        |    2 +-
 arch/arm64/kernel/process.c      |    2 +-
 arch/csky/kernel/process.c       |    2 +-
 arch/h8300/kernel/process.c      |    2 +-
 arch/hexagon/kernel/process.c    |    2 +-
 arch/ia64/kernel/process.c       |    2 +-
 arch/m68k/kernel/process.c       |    2 +-
 arch/microblaze/kernel/process.c |    2 +-
 arch/mips/kernel/process.c       |    2 +-
 arch/nds32/kernel/process.c      |    2 +-
 arch/nios2/kernel/process.c      |    2 +-
 arch/openrisc/kernel/process.c   |    2 +-
 arch/parisc/kernel/process.c     |    2 +-
 arch/powerpc/kernel/process.c    |    2 +-
 arch/riscv/kernel/process.c      |    2 +-
 arch/s390/kernel/process.c       |    2 +-
 arch/sh/kernel/process_32.c      |    2 +-
 arch/sparc/kernel/process_32.c   |    2 +-
 arch/sparc/kernel/process_64.c   |    2 +-
 arch/um/kernel/process.c         |    2 +-
 arch/x86/kernel/process.c        |    2 +-
 arch/xtensa/kernel/process.c     |    2 +-
 block/bfq-iosched.c              |    4 +-
 block/blk-core.c                 |    1 +
 block/blk-crypto-fallback.c      |   12 +-
 block/blk-mq-sched.c             |    6 -
 block/blk-mq-sched.h             |    1 -
 block/blk-pm.h                   |   38 -
 block/blk-settings.c             |   12 +
 block/blk-sysfs.c                |    7 +-
 block/bounce.c                   |   24 +-
 block/genhd.c                    |    4 +-
 block/ioctl.c                    |   21 +-
 block/kyber-iosched.c            |   33 +-
 block/mq-deadline.c              |    4 +-
 drivers/block/loop.c             |    3 +
 drivers/block/nbd.c              |   32 +-
 fs/io-wq.c                       |  621 ++++++--------
 fs/io-wq.h                       |   35 +-
 fs/io_uring.c                    | 1729 ++++++++++++++++----------------------
 fs/proc/self.c                   |    7 -
 fs/proc/thread_self.c            |    7 -
 include/linux/blkdev.h           |    1 -
 include/linux/blktrace_api.h     |    4 +-
 include/linux/io_uring.h         |   22 +-
 include/linux/net.h              |    3 -
 include/linux/sched.h            |    3 +
 include/trace/events/bcache.h    |   10 +-
 include/trace/events/block.h     |   20 +-
 include/uapi/linux/io_uring.h    |    1 +
 kernel/ptrace.c                  |    2 +-
 kernel/signal.c                  |    4 +-
 kernel/trace/blktrace.c          |   20 +-
 net/ipv4/af_inet.c               |    1 -
 net/ipv6/af_inet6.c              |    1 -
 net/socket.c                     |   10 -
 58 files changed, 1169 insertions(+), 1582 deletions(-)
Merging device-mapper/for-next (a666e5c05e7c dm: fix deadlock when swapping to encrypted device)
$ git merge device-mapper/for-next
Already up to date.
Merging pcmcia/pcmcia-next (4ce6b242b78d pcmcia: Switch to using the new API kobj_to_dev())
$ git merge pcmcia/pcmcia-next
Merge made by the 'recursive' strategy.
 drivers/pcmcia/cistpl.c | 4 ++--
 1 file changed, 2 insertions(+), 2 deletions(-)
Merging mmc/next (a56f44138a2c mmc: sdhci-esdhc-imx: fix kernel panic when remove module)
$ git merge mmc/next
Already up to date.
Merging mfd/for-mfd-next (26783d74cc6a mfd: wm831x-auxadc: Prevent use after free in wm831x_auxadc_read_irq())
$ git merge mfd/for-mfd-next
Already up to date.
Merging backlight/for-backlight-next (0b5e0f45af40 backlight/video: Use Platform getter/setter functions)
$ git merge backlight/for-backlight-next
Already up to date.
Merging battery/for-next (a72acc56f3e9 power-supply: use kobj_to_dev())
$ git merge battery/for-next
Already up to date.
Merging regulator/for-next (4a8a7d251201 Merge remote-tracking branch 'regulator/for-5.12' into regulator-linus)
$ git merge regulator/for-next
Already up to date.
Merging security/next-testing (9dcd47fc1f7d Merge branch 'fixes-v5.10' into next-testing)
$ git merge security/next-testing
Already up to date!
Merge made by the 'recursive' strategy.
Merging apparmor/apparmor-next (d108370c644b apparmor: fix error check)
$ git merge apparmor/apparmor-next
Auto-merging security/apparmor/policy_unpack.c
Auto-merging security/apparmor/policy.c
Auto-merging security/apparmor/lsm.c
Auto-merging security/apparmor/label.c
Auto-merging security/apparmor/include/label.h
Auto-merging security/apparmor/include/file.h
Auto-merging security/apparmor/apparmorfs.c
Merge made by the 'recursive' strategy.
 security/apparmor/apparmorfs.c     |  4 +--
 security/apparmor/include/file.h   |  2 +-
 security/apparmor/include/label.h  |  1 +
 security/apparmor/include/policy.h |  6 ++--
 security/apparmor/label.c          |  4 +--
 security/apparmor/lsm.c            | 22 +++++++-------
 security/apparmor/path.c           |  2 +-
 security/apparmor/policy.c         | 59 ++++++++++++++++++++++++++++++++------
 security/apparmor/policy_unpack.c  |  2 +-
 9 files changed, 73 insertions(+), 29 deletions(-)
Merging integrity/next-integrity (f6692213b504 integrity: Make function integrity_add_key() static)
$ git merge integrity/next-integrity
Already up to date.
Merging keys/keys-next (5bcd72358a7d Merge branch 'keys-cve-2020-26541' into keys-next)
$ git merge keys/keys-next
Auto-merging scripts/Makefile
Merge made by the 'recursive' strategy.
 certs/Kconfig                                      |  8 ++++
 certs/Makefile                                     | 20 ++++++--
 certs/blacklist.c                                  | 49 +++++++++++++++++++
 certs/blacklist.h                                  | 12 +++++
 certs/common.c                                     | 56 ++++++++++++++++++++++
 certs/common.h                                     |  9 ++++
 certs/revocation_certificates.S                    | 21 ++++++++
 certs/system_keyring.c                             | 55 ++++-----------------
 include/keys/system_keyring.h                      | 11 +++++
 scripts/Makefile                                   |  1 +
 .../integrity/platform_certs/keyring_handler.c     | 11 +++++
 security/integrity/platform_certs/load_uefi.c      | 20 +++++++-
 12 files changed, 222 insertions(+), 51 deletions(-)
 create mode 100644 certs/common.c
 create mode 100644 certs/common.h
 create mode 100644 certs/revocation_certificates.S
Merging safesetid/safesetid-next (03ca0ec13892 LSM: SafeSetID: Fix warnings reported by test bot)
$ git merge safesetid/safesetid-next
Already up to date.
Merging selinux/next (365982aba1f2 fs: anon_inodes: rephrase to appropriate kernel-doc)
$ git merge selinux/next
Already up to date.
Merging smack/next (7ef4c19d245f smackfs: restrict bytes count in smackfs write functions)
$ git merge smack/next
Already up to date.
Merging tomoyo/master (31caf8b2a847 Merge branch 'linus' of git://git.kernel.org/pub/scm/linux/kernel/git/herbert/crypto-2.6)
$ git merge tomoyo/master
Already up to date.
Merging tpmdd/next (c03c21ba6f4e Merge tag 'keys-misc-20210126' of git://git.kernel.org/pub/scm/linux/kernel/git/dhowells/linux-fs)
$ git merge tpmdd/next
Already up to date.
Merging watchdog/master (a4f3407c4160 watchdog: qcom: Remove incorrect usage of QCOM_WDT_ENABLE_IRQ)
$ git merge watchdog/master
Already up to date.
Merging iommu/next (45e606f27269 Merge branches 'arm/renesas', 'arm/smmu', 'x86/amd', 'x86/vt-d' and 'core' into next)
$ git merge iommu/next
Already up to date.
Merging audit/next (127c8c5f0589 audit: Make audit_filter_syscall() return void)
$ git merge audit/next
Already up to date.
Merging devicetree/for-next (cb8be8b4b27f driver core: platform: Drop of_device_node_put() wrapper)
$ git merge devicetree/for-next
Already up to date.
Merging mailbox/mailbox-for-next (6b50df2b8c20 mailbox: arm_mhuv2: Skip calling kfree() with invalid pointer)
$ git merge mailbox/mailbox-for-next
Already up to date.
Merging spi/for-next (21b49223c0f5 Merge remote-tracking branch 'spi/for-5.12' into spi-linus)
$ git merge spi/for-next
Already up to date.
Merging tip/auto-latest (2126d722fe93 Merge branch 'sched/smp')
$ git merge tip/auto-latest
Merge made by the 'recursive' strategy.
 kernel/time/hrtimer.c | 32 +++++++++++++++++++-------------
 1 file changed, 19 insertions(+), 13 deletions(-)
Merging clockevents/timers/drivers/next (e85c1d21b16b clocksource/drivers/timer-microchip-pit64b: Add clocksource suspend/resume)
$ git merge clockevents/timers/drivers/next
Already up to date.
Merging edac/edac-for-next (faf042d15093 Merge branch 'edac-amd64' into edac-for-next)
$ git merge edac/edac-for-next
Already up to date!
Merge made by the 'recursive' strategy.
Merging irqchip/irq/irqchip-next (c83fd57be3fe irqdomain: Remove debugfs_file from struct irq_domain)
$ git merge irqchip/irq/irqchip-next
Auto-merging kernel/irq/irqdomain.c
Auto-merging fs/debugfs/inode.c
Merge made by the 'recursive' strategy.
 include/linux/irqdomain.h | 4 ----
 kernel/irq/irqdomain.c    | 9 ++++-----
 2 files changed, 4 insertions(+), 9 deletions(-)
Merging ftrace/for-next (e23db805da2d tracing/tools: Add the latency-collector to tools directory)
$ git merge ftrace/for-next
Already up to date.
Merging rcu/rcu/next (c8c430f4a2fb Merge branch 'nolibc.2021.01.21a' into HEAD)
$ git merge rcu/rcu/next
Already up to date!
Merge made by the 'recursive' strategy.
Merging kvm/next (2df8d3807ce7 KVM: SVM: Fix nested VM-Exit on #GP interception handling)
$ git merge kvm/next
Auto-merging arch/x86/kvm/x86.c
Auto-merging arch/powerpc/kvm/book3s_64_mmu_hv.c
Merge made by the 'recursive' strategy.
 Documentation/virt/kvm/api.rst                     |   2 +
 arch/powerpc/kvm/book3s_64_mmu_hv.c                |   2 +-
 arch/powerpc/kvm/book3s_64_mmu_radix.c             |   2 +-
 arch/x86/include/asm/kvm-x86-ops.h                 |   6 +-
 arch/x86/include/asm/kvm_host.h                    |  36 +---
 arch/x86/kvm/cpuid.c                               |   2 +-
 arch/x86/kvm/mmu/mmu.c                             | 224 ++++++++-------------
 arch/x86/kvm/mmu/mmu_internal.h                    |   7 +-
 arch/x86/kvm/mmu/paging_tmpl.h                     |  14 +-
 arch/x86/kvm/mmu/tdp_mmu.c                         |  66 +-----
 arch/x86/kvm/mmu/tdp_mmu.h                         |   3 +-
 arch/x86/kvm/svm/nested.c                          |  48 +++--
 arch/x86/kvm/svm/svm.c                             |  22 +-
 arch/x86/kvm/vmx/nested.c                          |  37 ++--
 arch/x86/kvm/vmx/pmu_intel.c                       |   4 +-
 arch/x86/kvm/vmx/vmx.c                             | 112 ++++-------
 arch/x86/kvm/vmx/vmx.h                             |   2 +
 arch/x86/kvm/x86.c                                 | 143 +++++++------
 include/linux/kvm_host.h                           |  25 ++-
 tools/testing/selftests/kvm/.gitignore             |   1 +
 tools/testing/selftests/kvm/Makefile               |   1 +
 .../testing/selftests/kvm/hardware_disable_test.c  | 165 +++++++++++++++
 tools/testing/selftests/kvm/lib/x86_64/processor.c |   3 +-
 virt/kvm/kvm_main.c                                |  29 ++-
 24 files changed, 533 insertions(+), 423 deletions(-)
 create mode 100644 tools/testing/selftests/kvm/hardware_disable_test.c
Merging kvm-arm/next (c93199e93e12 Merge branch 'kvm-arm64/pmu-debug-fixes-5.11' into kvmarm-master/next)
$ git merge kvm-arm/next
Already up to date.
Merging kvm-ppc/kvm-ppc-next (72476aaa4691 KVM: PPC: Book3S HV: Fix host radix SLB optimisation with hash guests)
$ git merge kvm-ppc/kvm-ppc-next
Already up to date.
Merging kvms390/next (50a05be484cb KVM: s390: track synchronous pfault events in kvm_stat)
$ git merge kvms390/next
Already up to date.
Merging xen-tip/linux-next (53f131c284e8 xen-front-pgdir-shbuf: don't record wrong grant handle upon error)
$ git merge xen-tip/linux-next
Merge made by the 'recursive' strategy.
 Documentation/ABI/testing/sysfs-devices-xenbus | 41 ++++++++++++++++
 drivers/xen/events/events_base.c               | 27 ++++++++++-
 drivers/xen/evtchn.c                           | 29 ++++++-----
 drivers/xen/xen-acpi-processor.c               |  3 +-
 drivers/xen/xen-front-pgdir-shbuf.c            | 11 ++++-
 drivers/xen/xenbus/xenbus_probe.c              | 66 ++++++++++++++++++++++++++
 include/xen/xenbus.h                           |  7 +++
 7 files changed, 168 insertions(+), 16 deletions(-)
 create mode 100644 Documentation/ABI/testing/sysfs-devices-xenbus
Merging percpu/for-next (df1c002198a8 Merge branch 'for-5.12' into for-next)
$ git merge percpu/for-next
Already up to date!
Merge made by the 'recursive' strategy.
Merging workqueues/for-next (e9ad2eb3d9ae workqueue: Use %s instead of function name)
$ git merge workqueues/for-next
Already up to date.
Merging drivers-x86/for-next (a7d53dbbc70a platform/x86: intel_scu_ipc: Increase virtual timeout from 3 to 5 seconds)
$ git merge drivers-x86/for-next
Already up to date.
Merging chrome-platform/for-next (b996c10e0f5b Merge tag 'tag-chrome-platform-for-v5.12' of git://git.kernel.org/pub/scm/linux/kernel/git/chrome-platform/linux)
$ git merge chrome-platform/for-next
Already up to date.
Merging hsi/for-next (aa57e77b3d28 HSI: Fix PM usage counter unbalance in ssi_hw_init)
$ git merge hsi/for-next
Already up to date.
Merging leds/for-next (b0a82efa51ad leds: lp50xx: Get rid of redundant explicit casting)
$ git merge leds/for-next
Auto-merging drivers/leds/leds-lm3533.c
Auto-merging drivers/leds/Makefile
Auto-merging drivers/leds/Kconfig
Merge made by the 'recursive' strategy.
 .../devicetree/bindings/leds/leds-lgm.yaml         | 113 +++
 drivers/leds/Kconfig                               |   3 +
 drivers/leds/Makefile                              |   3 +
 drivers/leds/blink/Kconfig                         |  20 +
 drivers/leds/blink/Makefile                        |   2 +
 drivers/leds/blink/leds-lgm-sso.c                  | 888 +++++++++++++++++++++
 drivers/leds/led-class.c                           |   3 +-
 drivers/leds/led-core.c                            |  20 +-
 drivers/leds/leds-apu.c                            |  11 +-
 drivers/leds/leds-blinkm.c                         |  24 +-
 drivers/leds/leds-gpio.c                           |   3 +-
 drivers/leds/leds-lm3530.c                         |  10 +-
 drivers/leds/leds-lm3533.c                         |   2 +-
 drivers/leds/leds-lm355x.c                         |   8 +-
 drivers/leds/leds-lm3642.c                         |  16 +-
 drivers/leds/leds-lp50xx.c                         |  83 +-
 drivers/leds/leds-max8997.c                        |  12 +-
 drivers/leds/leds-netxbig.c                        |  12 +-
 drivers/leds/leds-ss4200.c                         |  18 +-
 drivers/leds/leds-wm831x-status.c                  |  12 +-
 drivers/leds/leds.h                                |   6 +-
 include/linux/led-class-flash.h                    |  42 +-
 include/linux/led-class-multicolor.h               |  42 +-
 include/linux/leds.h                               |  12 +-
 24 files changed, 1196 insertions(+), 169 deletions(-)
 create mode 100644 Documentation/devicetree/bindings/leds/leds-lgm.yaml
 create mode 100644 drivers/leds/blink/Kconfig
 create mode 100644 drivers/leds/blink/Makefile
 create mode 100644 drivers/leds/blink/leds-lgm-sso.c
Merging ipmi/for-next (fc26067c7417 ipmi: remove open coded version of SMBus block write)
$ git merge ipmi/for-next
Already up to date.
Merging driver-core/driver-core-next (29c395c77a9a Merge tag 'x86-entry-2021-02-24' of git://git.kernel.org/pub/scm/linux/kernel/git/tip/tip)
$ git merge driver-core/driver-core-next
Already up to date.
Merging usb/usb-next (29c395c77a9a Merge tag 'x86-entry-2021-02-24' of git://git.kernel.org/pub/scm/linux/kernel/git/tip/tip)
$ git merge usb/usb-next
Already up to date.
Merging usb-gadget/next (b2c586eb07ef usb: dwc2: Fix INTR OUT transfers in DDMA mode.)
$ git merge usb-gadget/next
Already up to date.
Merging usb-serial/usb-next (1542d1324be1 USB: serial: drop bogus to_usb_serial_port() checks)
$ git merge usb-serial/usb-next
Already up to date.
Merging usb-chipidea-next/for-usb-next (1ee18ded86ec usb: cdnsp: Removes some useless trace events)
$ git merge usb-chipidea-next/for-usb-next
Already up to date.
Merging tty/tty-next (29c395c77a9a Merge tag 'x86-entry-2021-02-24' of git://git.kernel.org/pub/scm/linux/kernel/git/tip/tip)
$ git merge tty/tty-next
Already up to date.
Merging char-misc/char-misc-next (29c395c77a9a Merge tag 'x86-entry-2021-02-24' of git://git.kernel.org/pub/scm/linux/kernel/git/tip/tip)
$ git merge char-misc/char-misc-next
Already up to date.
Merging extcon/extcon-next (bb512233bffe extcon: qcom-spmi: Add support for VBUS detection)
$ git merge extcon/extcon-next
Removing Documentation/devicetree/bindings/extcon/qcom,pm8941-misc.txt
Merge made by the 'recursive' strategy.
 .../bindings/extcon/qcom,pm8941-misc.txt           | 41 ---------
 .../bindings/extcon/qcom,pm8941-misc.yaml          | 62 ++++++++++++++
 drivers/extcon/extcon-max8997.c                    |  4 +
 drivers/extcon/extcon-qcom-spmi-misc.c             | 99 +++++++++++++++++-----
 drivers/extcon/extcon-sm5502.c                     | 22 ++++-
 include/linux/extcon.h                             | 23 +++++
 6 files changed, 189 insertions(+), 62 deletions(-)
 delete mode 100644 Documentation/devicetree/bindings/extcon/qcom,pm8941-misc.txt
 create mode 100644 Documentation/devicetree/bindings/extcon/qcom,pm8941-misc.yaml
Merging phy-next/next (d68f2cb09597 phy: cpcap-usb: Simplify bool conversion)
$ git merge phy-next/next
Already up to date.
Merging soundwire/next (8d8d95842867 regmap: sdw-mbq: use MODULE_LICENSE("GPL"))
$ git merge soundwire/next
Already up to date.
Merging thunderbolt/next (c6da62a219d0 thunderbolt: Add support for native USB4 _OSC)
$ git merge thunderbolt/next
Already up to date.
Merging vfio/next (4d83de6da265 vfio/type1: Batch page pinning)
$ git merge vfio/next
Already up to date.
Merging staging/staging-next (29c395c77a9a Merge tag 'x86-entry-2021-02-24' of git://git.kernel.org/pub/scm/linux/kernel/git/tip/tip)
$ git merge staging/staging-next
Already up to date.
Merging mux/for-next (3516bd729358 Merge tag 's390-5.11-3' of git://git.kernel.org/pub/scm/linux/kernel/git/s390/linux)
$ git merge mux/for-next
Already up to date.
Merging icc/icc-next (6715ea06ced4 Merge branch 'icc-sdx55' into icc-next)
$ git merge icc/icc-next
Already up to date.
Merging dmaengine/next (eda38ce482b2 dmaengine: dw-axi-dmac: remove redundant null check on desc)
$ git merge dmaengine/next
Already up to date.
Merging cgroup/for-next (00bfa16052cd Merge branch 'for-5.11-fixes' into for-next)
$ git merge cgroup/for-next
Already up to date!
Merge made by the 'recursive' strategy.
Merging scsi/for-next (89263dedffa2 Merge branch 'misc' into for-next)
$ git merge scsi/for-next
Auto-merging drivers/scsi/ufs/ufshcd.c
Merge made by the 'recursive' strategy.
 drivers/scsi/bnx2i/bnx2i_iscsi.c            |   2 -
 drivers/scsi/isci/request.c                 |   8 +-
 drivers/scsi/iscsi_tcp.c                    |   9 +-
 drivers/scsi/libiscsi.c                     | 348 ++++++++++++++++++----------
 drivers/scsi/libiscsi_tcp.c                 |  86 ++++---
 drivers/scsi/mpt3sas/mpt3sas_base.c         |  58 +++--
 drivers/scsi/mpt3sas/mpt3sas_base.h         |  52 ++++-
 drivers/scsi/mpt3sas/mpt3sas_ctl.c          |  67 +++++-
 drivers/scsi/mpt3sas/mpt3sas_ctl.h          |  22 ++
 drivers/scsi/mpt3sas/mpt3sas_scsih.c        |  44 +++-
 drivers/scsi/mpt3sas/mpt3sas_trigger_diag.c |  38 ++-
 drivers/scsi/pmcraid.h                      |   6 +-
 drivers/scsi/qla2xxx/qla_target.c           |   3 +-
 drivers/scsi/qla4xxx/ql4_os.c               |   2 +-
 drivers/scsi/scsi_transport_iscsi.c         |   3 -
 drivers/scsi/sd.c                           |   8 +-
 drivers/scsi/ufs/ufshcd.c                   |   6 +-
 drivers/target/sbp/sbp_target.c             |   2 +-
 include/scsi/libiscsi.h                     |   6 +-
 19 files changed, 561 insertions(+), 209 deletions(-)
Merging scsi-mkp/for-next (f749d8b7a989 scsi: hpsa: Correct dev cmds outstanding for retried cmds)
$ git merge scsi-mkp/for-next
Auto-merging drivers/scsi/sd_zbc.c
Merge made by the 'recursive' strategy.
 drivers/scsi/aic7xxx/aic79xx.h         |   2 +-
 drivers/scsi/aic7xxx/aic7xxx.h         |   2 -
 drivers/scsi/bnx2fc/Kconfig            |   1 +
 drivers/scsi/hpsa.c                    |  51 +++++++--
 drivers/scsi/hpsa_cmd.h                |   2 +-
 drivers/scsi/sd.c                      |   6 +-
 drivers/scsi/sd_zbc.c                  |   6 +-
 drivers/scsi/ufs/ufshcd.h              |   2 +-
 drivers/target/target_core_pr.c        |  15 ++-
 drivers/target/target_core_transport.c |  15 ++-
 drivers/target/target_core_user.c      | 189 ++++++++++++++++++---------------
 include/target/target_core_backend.h   |   1 +
 12 files changed, 185 insertions(+), 107 deletions(-)
Merging vhost/linux-next (1f77f124f2f2 ALSA: virtio: introduce device suspend/resume support)
$ git merge vhost/linux-next
Auto-merging MAINTAINERS
Merge made by the 'recursive' strategy.
 MAINTAINERS                          |   9 +
 drivers/vdpa/Kconfig                 |   7 +
 drivers/vdpa/Makefile                |   1 +
 drivers/vdpa/ifcvf/ifcvf_main.c      |   5 +-
 drivers/vdpa/mlx5/net/mlx5_vnet.c    |   4 +-
 drivers/vdpa/vdpa.c                  |  18 +-
 drivers/vdpa/vdpa_sim/vdpa_sim.c     |   2 +-
 drivers/vdpa/vdpa_sim/vdpa_sim_net.c |   5 +-
 drivers/vdpa/virtio_pci/Makefile     |   2 +
 drivers/vdpa/virtio_pci/vp_vdpa.c    | 458 ++++++++++++++++++++++++++++++++
 drivers/virtio/virtio.c              |   6 +-
 drivers/virtio/virtio_mmio.c         |   3 +-
 include/linux/vdpa.h                 |  10 +-
 include/linux/virtio.h               |   2 -
 include/uapi/linux/virtio_ids.h      |   1 +
 include/uapi/linux/virtio_snd.h      | 334 +++++++++++++++++++++++
 sound/Kconfig                        |   2 +
 sound/Makefile                       |   3 +-
 sound/virtio/Kconfig                 |  10 +
 sound/virtio/Makefile                |  13 +
 sound/virtio/virtio_card.c           | 462 ++++++++++++++++++++++++++++++++
 sound/virtio/virtio_card.h           | 113 ++++++++
 sound/virtio/virtio_chmap.c          | 219 +++++++++++++++
 sound/virtio/virtio_ctl_msg.c        | 310 ++++++++++++++++++++++
 sound/virtio/virtio_ctl_msg.h        |  78 ++++++
 sound/virtio/virtio_jack.c           | 233 ++++++++++++++++
 sound/virtio/virtio_pcm.c            | 498 +++++++++++++++++++++++++++++++++++
 sound/virtio/virtio_pcm.h            | 120 +++++++++
 sound/virtio/virtio_pcm_msg.c        | 392 +++++++++++++++++++++++++++
 sound/virtio/virtio_pcm_ops.c        | 491 ++++++++++++++++++++++++++++++++++
 30 files changed, 3780 insertions(+), 31 deletions(-)
 create mode 100644 drivers/vdpa/virtio_pci/Makefile
 create mode 100644 drivers/vdpa/virtio_pci/vp_vdpa.c
 create mode 100644 include/uapi/linux/virtio_snd.h
 create mode 100644 sound/virtio/Kconfig
 create mode 100644 sound/virtio/Makefile
 create mode 100644 sound/virtio/virtio_card.c
 create mode 100644 sound/virtio/virtio_card.h
 create mode 100644 sound/virtio/virtio_chmap.c
 create mode 100644 sound/virtio/virtio_ctl_msg.c
 create mode 100644 sound/virtio/virtio_ctl_msg.h
 create mode 100644 sound/virtio/virtio_jack.c
 create mode 100644 sound/virtio/virtio_pcm.c
 create mode 100644 sound/virtio/virtio_pcm.h
 create mode 100644 sound/virtio/virtio_pcm_msg.c
 create mode 100644 sound/virtio/virtio_pcm_ops.c
Merging rpmsg/for-next (fcb4c469244b Merge branches 'hwspinlock-next', 'rpmsg-next' and 'rproc-next' into for-next)
$ git merge rpmsg/for-next
Auto-merging MAINTAINERS
Merge made by the 'recursive' strategy.
 MAINTAINERS                        |  2 ++
 drivers/remoteproc/pru_rproc.c     | 18 ++++++++++++++++++
 drivers/remoteproc/qcom_pil_info.c |  2 +-
 3 files changed, 21 insertions(+), 1 deletion(-)
Merging gpio/for-next (7ac554888233 MAINTAINERS: Remove reference to non-existing file)
$ git merge gpio/for-next
Already up to date.
Merging gpio-brgl/gpio/for-next (a8002a35935a gpio: pcf857x: Fix missing first interrupt)
$ git merge gpio-brgl/gpio/for-next
Already up to date.
Merging gpio-intel/for-next (c5318e248f52 gpio: msic: Drop driver from Makefile)
$ git merge gpio-intel/for-next
Auto-merging drivers/gpio/Makefile
Auto-merging drivers/gpio/Kconfig
Auto-merging MAINTAINERS
Merge made by the 'recursive' strategy.
Merging pinctrl/for-next (b40b760aa2a9 pinctrl: mediatek: Fix trigger type setting follow for unexpected interrupt)
$ git merge pinctrl/for-next
Already up to date.
Merging pinctrl-intel/for-next (0e793a4e2834 pinctrl: tigerlake: Add Alder Lake-P ACPI ID)
$ git merge pinctrl-intel/for-next
Already up to date.
Merging pinctrl-renesas/renesas-pinctrl (a5cda861ed57 pinctrl: renesas: r8a779a0: Add TPU pins, groups and functions)
$ git merge pinctrl-renesas/renesas-pinctrl
Already up to date.
Merging pinctrl-samsung/for-next (5c8fe583cce5 Linux 5.11-rc1)
$ git merge pinctrl-samsung/for-next
Already up to date.
Merging pwm/for-next (9a9dd7e47351 pwm: lpc18xx-sct: remove unneeded semicolon)
$ git merge pwm/for-next
Already up to date.
Merging userns/for-next (95ebabde382c capabilities: Don't allow writing ambiguous v3 file capabilities)
$ git merge userns/for-next
Already up to date.
Merging ktest/for-next (170f4869e662 ktest.pl: Fix the logic for truncating the size of the log file for email)
$ git merge ktest/for-next
Already up to date.
Merging random/dev (ab9a7e27044b random: avoid warnings for !CONFIG_NUMA builds)
$ git merge random/dev
Already up to date.
Merging kselftest/next (e0c0840a46db selftests/seccomp: Accept any valid fd in user_notification_addfd)
$ git merge kselftest/next
Already up to date.
Merging y2038/y2038 (c4e71212a245 Revert "drm/etnaviv: reject timeouts with tv_nsec >= NSEC_PER_SEC")
$ git merge y2038/y2038
Already up to date.
Merging livepatching/for-next (81840f21d416 Merge branch 'for-5.12/doc' into for-next)
$ git merge livepatching/for-next
Already up to date!
Merge made by the 'recursive' strategy.
Merging coresight/next (1efbcec2ef8c coresight: cti: Reduce scope for the variable “cs_fwnode” in cti_plat_create_connection())
$ git merge coresight/next
Merge made by the 'recursive' strategy.
Merging rtc/rtc-next (49dfc1f16b03 rtc: abx80x: Add utility function for writing configuration key)
$ git merge rtc/rtc-next
Already up to date.
Merging nvdimm/libnvdimm-for-next (30c10d32152d Merge branch 'for-5.12/cxl' into libnvdimm-for-next)
$ git merge nvdimm/libnvdimm-for-next
Already up to date!
Merge made by the 'recursive' strategy.
Merging at24/at24/for-next (5366c48f327e dt-bindings: eeprom: at24: Document ROHM BR24G01)
$ git merge at24/at24/for-next
Already up to date.
Merging ntb/ntb-next (5c8fe583cce5 Linux 5.11-rc1)
$ git merge ntb/ntb-next
Already up to date.
Merging seccomp/for-next/seccomp (a381b70a1cf8 seccomp: Improve performace by optimizing rmb())
$ git merge seccomp/for-next/seccomp
Already up to date.
Merging kspp/for-next/kspp (414eece95b98 Merge tag 'clang-lto-v5.12-rc1-part2' of git://git.kernel.org/pub/scm/linux/kernel/git/kees/linux)
$ git merge kspp/for-next/kspp
Already up to date.
Merging gnss/gnss-next (45d5996e034c gnss: drop stray semicolons)
$ git merge gnss/gnss-next
Merge made by the 'recursive' strategy.
 drivers/gnss/mtk.c    | 2 +-
 drivers/gnss/serial.c | 2 +-
 drivers/gnss/sirf.c   | 2 +-
 drivers/gnss/ubx.c    | 2 +-
 4 files changed, 4 insertions(+), 4 deletions(-)
Merging fsi/next (4a851d714ead fsi: aspeed: Support CFAM reset GPIO)
$ git merge fsi/next
Already up to date.
Merging slimbus/for-next (0320ed0a8236 drivers: slimbus: Fix word resposible -> responsible in slimbus.h)
$ git merge slimbus/for-next
Auto-merging drivers/of/platform.c
Auto-merging drivers/nvmem/Kconfig
CONFLICT (content): Merge conflict in drivers/nvmem/Kconfig
Resolved 'drivers/nvmem/Kconfig' using previous resolution.
Automatic merge failed; fix conflicts and then commit the result.
$ git commit --no-edit -v -a
[master f54cdf0fd3a5] Merge remote-tracking branch 'slimbus/for-next'
$ git diff -M --stat --summary HEAD^..
 drivers/slimbus/slimbus.h | 2 +-
 1 file changed, 1 insertion(+), 1 deletion(-)
Merging nvmem/for-next (667fbb3fcde1 nvmem: qcom-spmi-sdam: Fix uninitialized pdev pointer)
$ git merge nvmem/for-next
Auto-merging drivers/of/platform.c
Merge made by the 'recursive' strategy.
Merging xarray/main (80c1dbebf308 XArray: Fix splitting to non-zero orders)
$ git merge xarray/main
Merge made by the 'recursive' strategy.
 lib/test_xarray.c | 26 ++++++++++++++------------
 lib/xarray.c      | 11 ++++++-----
 2 files changed, 20 insertions(+), 17 deletions(-)
Merging hyperv/hyperv-next (3019270282a1 Revert "Drivers: hv: vmbus: Copy packets sent by Hyper-V out of the ring buffer")
$ git merge hyperv/hyperv-next
Already up to date.
Merging auxdisplay/auxdisplay (b45616445a6e auxdisplay: Fix duplicate CHARLCD config symbol)
$ git merge auxdisplay/auxdisplay
Already up to date.
Merging kgdb/kgdb/for-next (f11e2bc682cc kgdb: Remove kgdb_schedule_breakpoint())
$ git merge kgdb/kgdb/for-next
Already up to date.
Merging hmm/hmm (3650b228f83a Linux 5.10-rc1)
$ git merge hmm/hmm
Already up to date.
Merging fpga/for-next (e41d4c011706 fpga: dfl: fme: Constify static attribute_group structs)
$ git merge fpga/for-next
Already up to date.
Merging kunit/test (e71ba9452f0b Linux 5.11-rc2)
$ git merge kunit/test
Already up to date.
Merging generic-ioremap/for-next (4bdc0d676a64 remove ioremap_nocache and devm_ioremap_nocache)
$ git merge generic-ioremap/for-next
Already up to date.
Merging cfi/cfi/next (5de15b610f78 mtd: hyperbus: add Renesas RPC-IF driver)
$ git merge cfi/cfi/next
Already up to date.
Merging kunit-next/kunit (7af29141a31a kunit: tool: fix unintentional statefulness in run_kernel())
$ git merge kunit-next/kunit
Already up to date.
Merging trivial/for-next (9ff9b0d392ea Merge tag 'net-next-5.10' of git://git.kernel.org/pub/scm/linux/kernel/git/netdev/net-next)
$ git merge trivial/for-next
Already up to date.
Merging zx2c4/for-next (16fbf79b0f83 Linux 5.6-rc7)
$ git merge zx2c4/for-next
Already up to date.
Merging mhi/mhi-next (9e04adfcab78 mhi: Fix double dma free)
$ git merge mhi/mhi-next
Merge made by the 'recursive' strategy.
Merging memblock/for-next (097d43d85704 mm: memblock: remove return value of memblock_free_all())
$ git merge memblock/for-next
Already up to date.
Merging init/init-user-pointers (38b082236e77 initramfs: use vfs_utimes in do_copy)
$ git merge init/init-user-pointers
Already up to date.
Merging counters/counters (e71ba9452f0b Linux 5.11-rc2)
$ git merge counters/counters
Already up to date.
Merging iomem-mmap-vs-gup/topic/iomem-mmap-vs-gup (636b21b50152 PCI: Revoke mappings like devmem)
$ git merge iomem-mmap-vs-gup/topic/iomem-mmap-vs-gup
Already up to date.
Merging oprofile-removal/oprofile/removal (be65de6b03aa fs: Remove dcookies support)
$ git merge oprofile-removal/oprofile/removal
Already up to date.
Merging akpm-current/current (2e862ce7025b initramfs-panic-with-memory-information-fix)
$ git merge --no-ff akpm-current/current
Auto-merging mm/filemap.c
Auto-merging lib/Kconfig.debug
Auto-merging init/main.c
Auto-merging init/initramfs.c
Auto-merging include/linux/sched.h
Auto-merging include/linux/pagemap.h
CONFLICT (content): Merge conflict in include/linux/pagemap.h
Auto-merging include/linux/highmem.h
Auto-merging fs/coredump.c
Auto-merging drivers/virtio/virtio_mem.c
Auto-merging arch/x86/Kconfig
Auto-merging arch/s390/mm/vmem.c
Auto-merging arch/arm64/mm/mmu.c
Auto-merging arch/arm64/Kconfig
Auto-merging MAINTAINERS
Auto-merging Documentation/admin-guide/kernel-parameters.txt
Auto-merging CREDITS
Resolved 'include/linux/pagemap.h' using previous resolution.
Automatic merge failed; fix conflicts and then commit the result.
$ git commit -v -a
[master 4309fb3cddbc] Merge branch 'akpm-current/current'
$ git diff -M --stat --summary HEAD^..
 .mailmap                                           |   1 +
 CREDITS                                            |   9 +-
 Documentation/ABI/testing/sysfs-devices-memory     |  58 +-
 .../admin-guide/auxdisplay/cfag12864b.rst          |   2 +-
 Documentation/admin-guide/auxdisplay/ks0108.rst    |   2 +-
 Documentation/admin-guide/kernel-parameters.txt    |   6 +
 Documentation/admin-guide/mm/memory-hotplug.rst    |  20 +-
 Documentation/admin-guide/sysctl/vm.rst            |   4 +-
 Documentation/dev-tools/index.rst                  |   1 +
 Documentation/dev-tools/kasan.rst                  |   8 +-
 Documentation/dev-tools/kfence.rst                 | 298 +++++++
 Documentation/filesystems/seq_file.rst             |   6 +
 MAINTAINERS                                        |  26 +-
 arch/alpha/configs/defconfig                       |   1 -
 arch/arm64/Kconfig                                 |   1 +
 arch/arm64/include/asm/cache.h                     |   1 -
 arch/arm64/include/asm/kasan.h                     |   1 +
 arch/arm64/include/asm/kfence.h                    |  22 +
 arch/arm64/include/asm/mte-def.h                   |   2 +
 arch/arm64/include/asm/mte-kasan.h                 |  65 +-
 arch/arm64/include/asm/mte.h                       |   2 -
 arch/arm64/kernel/mte.c                            |  46 --
 arch/arm64/kernel/sleep.S                          |   2 +-
 arch/arm64/lib/mte.S                               |  16 -
 arch/arm64/mm/fault.c                              |   4 +
 arch/arm64/mm/mmu.c                                |  21 +-
 arch/s390/mm/init.c                                |   1 +
 arch/s390/mm/vmem.c                                |  14 +-
 arch/x86/Kconfig                                   |   1 +
 arch/x86/include/asm/kfence.h                      |  64 ++
 arch/x86/kernel/acpi/wakeup_64.S                   |   2 +-
 arch/x86/mm/fault.c                                |   6 +
 arch/x86/mm/pat/memtype.c                          |   4 +-
 drivers/auxdisplay/cfag12864b.c                    |   4 +-
 drivers/auxdisplay/cfag12864bfb.c                  |   4 +-
 drivers/auxdisplay/ks0108.c                        |   4 +-
 drivers/base/memory.c                              |  35 +-
 drivers/block/zram/zram_drv.c                      |   2 +-
 drivers/hv/hv_balloon.c                            |   2 +-
 drivers/virtio/virtio_mem.c                        |  43 +-
 drivers/xen/balloon.c                              |   2 +-
 fs/aio.c                                           |   9 +-
 fs/buffer.c                                        |  56 +-
 fs/coredump.c                                      |   4 +-
 fs/iomap/seek.c                                    | 125 +--
 fs/ocfs2/namei.c                                   |  17 +-
 fs/proc/base.c                                     |  19 +-
 fs/proc/page.c                                     |  40 +-
 fs/proc/proc_sysctl.c                              |   4 +-
 fs/seq_file.c                                      |   3 +
 include/linux/bitops.h                             |   2 +-
 include/linux/cfag12864b.h                         |   2 +-
 include/linux/cred.h                               |   2 +-
 include/linux/fortify-string.h                     | 302 ++++++++
 include/linux/gfp.h                                |   2 +
 include/linux/highmem.h                            |  28 +-
 include/linux/init.h                               |   4 +-
 include/linux/kasan.h                              |  27 +-
 include/linux/kfence.h                             | 222 ++++++
 include/linux/khugepaged.h                         |   2 +
 include/linux/ks0108.h                             |   2 +-
 include/linux/mdev.h                               |   2 +-
 include/linux/memory.h                             |   3 +-
 include/linux/memory_hotplug.h                     |  33 +-
 include/linux/memremap.h                           |  12 +
 include/linux/mmzone.h                             |  49 +-
 include/linux/nmi.h                                |   1 +
 include/linux/page-flags.h                         |   4 +-
 include/linux/pagemap.h                            |   6 +-
 include/linux/pagevec.h                            |   4 -
 include/linux/printk.h                             |   8 +-
 include/linux/ptrace.h                             |   2 +-
 include/linux/rmap.h                               |   3 +-
 include/linux/sched.h                              |   8 +
 include/linux/slab_def.h                           |   3 +
 include/linux/slub_def.h                           |   3 +
 include/linux/stackdepot.h                         |   9 +
 include/linux/string.h                             | 282 +------
 include/linux/vmstat.h                             |   6 +
 include/linux/wait.h                               |   4 +-
 include/linux/zpool.h                              |   3 +
 include/linux/zsmalloc.h                           |   2 +-
 include/trace/events/error_report.h                |  74 ++
 include/uapi/linux/firewire-cdev.h                 |   2 +-
 include/uapi/linux/input.h                         |   2 +-
 init/initramfs.c                                   |  19 +-
 init/main.c                                        |   5 +
 init/version.c                                     |   8 -
 kernel/events/core.c                               |   8 +-
 kernel/events/uprobes.c                            |   2 +-
 kernel/groups.c                                    |   7 +-
 kernel/hung_task.c                                 |  44 ++
 kernel/locking/rtmutex.c                           |   4 +-
 kernel/locking/rwsem.c                             |   2 +-
 kernel/locking/semaphore.c                         |   2 +-
 kernel/sched/fair.c                                |   2 +-
 kernel/sched/membarrier.c                          |   2 +-
 kernel/sysctl.c                                    |  16 +-
 kernel/trace/Makefile                              |   1 +
 kernel/trace/error_report-traces.c                 |  12 +
 kernel/watchdog.c                                  |  21 +
 kernel/watchdog_hld.c                              |   1 +
 lib/Kconfig                                        |   9 +
 lib/Kconfig.debug                                  |   7 +
 lib/Kconfig.kasan                                  |   8 +-
 lib/Kconfig.kfence                                 |  82 ++
 lib/Kconfig.ubsan                                  |  17 -
 lib/cmdline.c                                      |   7 +-
 lib/genalloc.c                                     |   3 +-
 lib/hexdump.c                                      |   9 +-
 lib/seq_buf.c                                      |   9 +-
 lib/stackdepot.c                                   |  37 +-
 lib/test_kasan.c                                   | 111 ++-
 lib/test_ubsan.c                                   |  49 --
 lib/ubsan.c                                        |  68 --
 mm/Makefile                                        |   1 +
 mm/backing-dev.c                                   |   3 +-
 mm/cma.c                                           |  64 +-
 mm/dmapool.c                                       |   3 +-
 mm/early_ioremap.c                                 |  12 +-
 mm/filemap.c                                       | 343 +++++---
 mm/huge_memory.c                                   |   6 +-
 mm/internal.h                                      |   4 +-
 mm/kasan/common.c                                  | 195 +++--
 mm/kasan/generic.c                                 |   3 +-
 mm/kasan/hw_tags.c                                 |   2 +-
 mm/kasan/kasan.h                                   |  79 +-
 mm/kasan/report.c                                  |   8 +-
 mm/kasan/report_generic.c                          |   2 +-
 mm/kasan/shadow.c                                  |  62 +-
 mm/kfence/Makefile                                 |   6 +
 mm/kfence/core.c                                   | 845 ++++++++++++++++++++
 mm/kfence/kfence.h                                 | 113 +++
 mm/kfence/kfence_test.c                            | 858 +++++++++++++++++++++
 mm/kfence/report.c                                 | 260 +++++++
 mm/khugepaged.c                                    |  22 +-
 mm/memcontrol.c                                    |   6 +-
 mm/memory-failure.c                                |   6 +
 mm/memory_hotplug.c                                | 160 +++-
 mm/memremap.c                                      |  43 +-
 mm/mlock.c                                         |   2 +-
 mm/mmap.c                                          |  43 +-
 mm/msync.c                                         |   6 +-
 mm/page_alloc.c                                    | 204 ++---
 mm/page_poison.c                                   |   2 +-
 mm/rmap.c                                          |  22 +-
 mm/shmem.c                                         | 150 +---
 mm/slab.c                                          |  38 +-
 mm/slab_common.c                                   |  23 +-
 mm/slub.c                                          |  63 +-
 mm/swap.c                                          |  38 +-
 mm/swap_state.c                                    |   7 +-
 mm/truncate.c                                      | 131 +---
 mm/vmstat.c                                        |  67 +-
 mm/z3fold.c                                        |   1 +
 mm/zbud.c                                          |   1 +
 mm/zpool.c                                         |  13 +
 mm/zsmalloc.c                                      |  22 +-
 mm/zswap.c                                         |  57 +-
 samples/auxdisplay/cfag12864b-example.c            |   2 +-
 scripts/Makefile.kasan                             |  10 +-
 scripts/Makefile.ubsan                             |   2 -
 scripts/checkpatch.pl                              | 152 ++--
 scripts/gdb/linux/lists.py                         |   5 +
 164 files changed, 5269 insertions(+), 1680 deletions(-)
 create mode 100644 Documentation/dev-tools/kfence.rst
 create mode 100644 arch/arm64/include/asm/kfence.h
 create mode 100644 arch/x86/include/asm/kfence.h
 create mode 100644 include/linux/fortify-string.h
 create mode 100644 include/linux/kfence.h
 create mode 100644 include/trace/events/error_report.h
 create mode 100644 kernel/trace/error_report-traces.c
 create mode 100644 lib/Kconfig.kfence
 create mode 100644 mm/kfence/Makefile
 create mode 100644 mm/kfence/core.c
 create mode 100644 mm/kfence/kfence.h
 create mode 100644 mm/kfence/kfence_test.c
 create mode 100644 mm/kfence/report.c
$ git clone -s -l -n -q . ../rebase-tmp
$ cd ../rebase-tmp
$ git checkout -b akpm remotes/origin/akpm/master
Switched to a new branch 'akpm'
$ git rebase --onto master remotes/origin/akpm/master-base
Rebasing (1/1)[KSuccessfully rebased and updated refs/heads/akpm.
$ cd ../next
$ git fetch -f ../rebase-tmp akpm:akpm/master
From ../rebase-tmp
 + c80e4b3413a6...10fdfd2ba5d8 akpm       -> akpm/master  (forced update)
$ rm -rf ../rebase-tmp
Merging akpm/master (10fdfd2ba5d8 MIPS: make userspace mapping young by default)
$ git merge --no-ff akpm/master
Merge made by the 'recursive' strategy.
 arch/mips/mm/cache.c    | 30 ++++++++++++++++--------------
 include/linux/pgtable.h |  8 --------
 mm/memory.c             |  4 ----
 3 files changed, 16 insertions(+), 26 deletions(-)
